type octile
height 250
width 250
map
TTTTTTTTTTTTTTTTTTTTTTTTTTTTTTTTTTTTTTTTTTTTTTTTTTTTTTTTTTTTTTTTTTTTTTTTTTTTTTTTTTTTTTTTTTTTTTTTTTTTTTTTTTTTTTTTTTTTTTTTTTTTTTTTTTTTTTTTTTTTTTTTTTTTTTTTTTTTTTTTTTTTTTTTTTTTTTTTTTTTTTTTTTTTTTTTTTTTTTTTTTTTTTTTTTTTTTTTTTTTTTTTTTTTTTTTTTTTTTTTTTTTTTTTTT
TTTTTTTTTTT.........TTTTTTTTTTTTTTTTTTTTTTTTTTTTTTTTTTTTTTTTTTTTTTTTTTT.........TTTTTTTTTTTTTTTTTTTTTTTTTTTTTTTTTTTTTTTTTTTTTTTTTTT...TTTTTTTTTTT.........TTTTTTTTTTTTTTTTT...........TTTTTTTTTTTTTTTTTTTTTTTTT...TTTTTTTTTTTTTTTTTTTTTTTTTTTTTTTTTTTTTTTT
TTTTTTTTTTT.....TTT.TTTTTTTTTTTTTTTTTTTTTTTTTTTTTTTTTTTTTTTTTTTTTTTTTTT.........TTTTTTTTTTTTTTTTTTTTTTTTTTTTTTTTTTTTTTTTTTTTTTTTTTT.T.TTTTTTTTTTT.........TTTTTTTTTTTTTTTTT...........TTTTTTTTTTTTTTTTTTTTTTTTT.T.TTTTTTTTTTTTTTTTTTTTTTTTTTTTTTTTTTTTTTTT
TTTTTTTTTTT.....TTT...TTTTTTTTTTTTTTT.......TTTTTTTTTTTTTTT.....TTTTTTT.........TTTTTTTTTTTTTTTTTTTTTTTTTTT.........TTT.............T...TTT...............TTT.......TTTTTTT...........T.............TTTTTTT.....T.TTTTTTTTTTTTTTTTTTTTTTTTTTT...TTTTTTTTTT
TTTTTTTTTTT.....TTTTT.TTTTTTTTTTTTTTT.......TTTTTTTTTTTTTTT.....TTTTTTT.........TTTTTTTTTTTTTTTTTTTTTTTTTTT.........TTT.....TTTTTTTTTTT.TTT.....T.........TTT.......TTTTTTT...........T.TTT.........TTTTTTT.....T.TTTTTTTTTTTTTTTTTTTTTTTTTTT.T.TTTTTTTTTT
TTTTTTTTTTT...................TTTTTTT.......TTTTTTTTTTTTTTT.....TTTTTTT.........TTTTTTTTTTTTTTTTTTTTTTTTTTT.........TTT.....TTTTTTTTTTT.TTT...............TTT.......TTTTTTT.............TTT.........TTTTTTT.....T.........TTTTTTTTTTTTTTTTTTT.T.TTTTTTTTTT
TTTTTTTTTTT.....T.............TTTTTTT.......TTTTTTTTTTTTTTT.....TTTTTTTTTTT.T.TTTTTTTTTTTTTTTTTTTTTTTTTTTTT.........TTT.....TTTTTTTTTTT.TTT.....T.........TTT.......TTTTTTT...........TTTTT.........TTTTTTT.....TTTTTTTTT.TTTTTTTTTTTTTTTTTTT.T.TTTTTTTTTT
TTTTTTTTTTT.....T.............TTTTTTT...........TTTTTTTTTTT.....TTTTTTTTTTT.T.TTTTTTTTTTTTT.............TTT.........T.......TTTTTTTTTTT.T.......T.........TTT.........TTTTT...........TTTTT.............TTT.....TTTTTTTTT.....TTTTTTTTTTTTTTT.T.....TTTTTT
TTTTTTTTTTT.....T.............TTTTTTT.......TTT.TTTTTTTTTTT.....TTTTTTTTTTT.T.TTTTTTTTTTTTT.............TTT.........T.T.....TTTTTTTTTTT.T.T.....TTTTTTTTTTTTT.......T.TTTTT...........TTTTTTT.T.TTTTTTT.TTT.T.TTTTTTTTTTT.....TTTTTTTTTTTTTTT.T.....TTTTTT
TTTTTTTTTTT.....T.............TTTTTTT.......TTT.....TTT.........TTTTT.........TTTTTTTTTTTTT.............TTT.........T.T.....TTTTTTTTT...T.T.....TTTTTTTTTTTTT.......T...TTT...........TTTTTTT.T...............TTTTTTTTTTT.......T.............T.....TTTTTT
TTTTTTTTTTT.....T.............TTTTTTT.......TTTTTTT.TTT.TTTTT.TTTTTTT.......TTTTTTTTTTTTTTT.............TTT.........T.T.....TTTTTTTTT.TTT.T.....TTTTTTTTTTTTT.......TTT.TTT...........TTTTTTT.TTT...........TTTTTTTTTTTTT.....T.T.........TTTTT.....TTTTTT
TTTTTTTTTTT.....T.............TTTTTTT.......TTTTTTT...T.....................TTTTTTTTTTTTTTT...............T...........T.....TTTTT...............TTTTTTTTTTTTT.......TTT.TTT...........TTTTT...TTT...........TTTTTTTTTTTTT.....T.............TTT.....TTTTTT
TTTTTTTTTTTTT.TTT.............TTTTTTT.......TTTTTTTTT.T...........TTT.......TTTTTTTTTTTTTTTTTTTTTTTTT.TTT.T.........T.TTTTTTTTTTT.........TTTTTTTTTTTTTTTTTTT.......TTT.TTT...........TTTTT.TTTTT...........TTTTTTTTTTTTT.....TTT.........T.TTT.....TTTTTT
TTT.......TTT.TTT.............TTTTTTT.......TTTTTTTTT.......................TTTTTTTTTTTTTTTTTTTTTTTTT.TTT...........T.TTTTT...............TTTTTTTTTTTTTTTTTTT.......TTT...............TTTTT.T...............TTTTTTTTTTTTT.....TTT.........T.TTT.....TTTTTT
TTT.......TTT.TTT.TTTTTTTTTTT.TTTTTTTTTTT.TTTTTTTTTTTTT...........TTTTTTTTT.TTTTTTTTTTTTTTTTTTTTTTTTT.TTTTTTTTT.TTT.T.TTTTT.TTTTT.........TTTTTTTTTTTTTTTTTTTTT.T.TTTTTTTTT.TTTTTTTTT.TTTTT.T.TTT...........TTTTTTTTTTTTT.....TTTTTTTTTTTTT.TTTTTTT.TTTTTT
TTT.......TTT.TTT.TTTTTTTTTTT.TTTTTTTTTTT.TTTTTTTTTTTTT...........TTTTTTT...TTTTTTTTTTTTTTTTTTTTTTTTT...TTTTTTT.TTT.............T.........TTTTTTTTTTTTTTTTTTT...T.TTTTTTT...TTTTTTTTT.TTT.......T...........TTTTTTTTTTTTT.....TTTTTTTTTTTTT.TTTTTTT.TTTTTT
TTT.......TTT.TTT.TTTTTTTTTTT.TTTTTTTTTTT.TTTTTTTTTTTTT.TTTTTTTTTTTTTTTTT.TTTTTTTTTTTTTTTTTTTTTTTTTTTTT.TTTTTTT.TTT.............T.........TTTTTTTTTTTTTTTTTTT.TTT.TTTTTTT.TTTTTTTTTTT.TTT.......TTTTTTTTT.TTTTTTTTTTTTTTT.T.TTTTTTTTTTTTTTT.TTTTTTT.TTTTTT
TTT.....................TTT...........................T.TTTTT...........T.TTTTTTTTTTTTTTTTTTTTTTTTTTTTT.........TTT.......................TTTTTTTTTTTTTTTTT...........TTT.TTTTTTTTTTT...........TTTTT.........TTTTT.........TTTTTTTTTTT.....TTTTTTT.TTTTTT
TTTTT.TTTTT.........TTT.TTT...............T...........T.TTTTT.......TTT.T.TTTTTTTTTTTTTTTTTTTTTTTTTTTTT.......TTTTT.............T.........TTTTTTTTTTTTTTTTT...........TTT.TTTTTTTTTTTTTTT.......TTTTT.........TTTTT.........TTTTTTTTTTT.....TTTTTTT.TTTTTT
TTTTT.TTTTT.........TTT.TTT...............T.............TTTTT.......TTT.........TTTTT.....TTTTTTTTTTT...........................T.........TTTTTTTTTTTTTTTTT.............T.TTTTTTTTTTTTTTT.......TTTTT.......................TTT.............TTTTTTT.TTTTTT
TTTTT.TTTTT.........TTT.TTT...............T...........TTTTTTT.......TTT.........TTTTT.....TTTTTTTTTTT.T.......TTTTT.............T.........TTTTTTTTTTTTTTTTT...........T.T.TTTTTTTTTTTTTTT.......TTTTT.........TTTTT.........TTT.TTTTTTT.....TTTTTTT.TTTTTT
TTT.....TTT.........TTT...................T...........TTTTTTT.......TTT.........TTTTT.....TTTTT.......T.......TTTTT.............T.........TTTTT.....TTTTTTT...........T...TTTTTTTTTTTTTTT.......TTTTT.........TTTTT.............TTTTTTT.....TTTTT...TTTTTT
TTT.....TTTTTTTTTTT.TTTTTTT...............T...........TTTTTTT.......TTT.........TTTTT.....TTTTT.......T.......TTTTTTTTTTTTT.TTTTT.........TTTTT.....TTTTTTT...........TTTTTTTTTTTTTTTTTTT.......TTTTT.........TTTTT.TTTTT.TTTTTTTTTTTTT.....TTTTT.TTTTTTTT
TTT.....TTTTTTTTTTT.....TTT...............T...........TTTTTTT.......TTT.........TTTTT.....TTTTT...............TTTTTTTTTTT...TTTTT.........TTTTT.......TTT.............TTT.......TTTTTTTTT.......TTTTT.........TTTTT...TTT.TTTTTTTTTTTTT.....TTTTT.TTTTTTTT
TTT.....TTTTTTTTTTT.....TTT...............T...........TTTTTTTTT.T.T.TTT.........TTTTT.....TTTTT.......T.......TTTTTTTTTTT.TTTTTTTTTTTTTTT.TTTTT.....T.TTT.TTTTTTTTTTT.TTT.......TTTTTTTTTTT.TTTTTTTTTTTTTTTTTTTTTTTTT.TTT.TTTTTTTTTTTTT.....TTTTT.TTTTTTTT
TTT.....TTTTTTTTTTT.......................T.....................T.........................TTTTT.......T.......TTTTTTT...........TTTTTTT...TTTTT.....T.TTT.TTTTTTTTTTT...........TTTTTTTTTTT...TTTTTTTTTTTTTTT.........TTT.TTTTTTTTTTTTT.....TTTTT.TTTTTTTT
TTT.TTT.TTTTTTTTTTT.....TTT...............T...........T.......TTT.....TTTTTTTTTTTTTTT.TTTTTTTTTTTTTTTTT.......TTTTTTT...........TTTTTTT.TTTTTTT.TTTTT.TTT.TTTTTTTTTTTTTTT.......TTTTTTTTTTTTT.TTTTTTTTTTTTTTT.........TTT.TTTTTTTTTTTTTTT.TTTTTTT.TTTTTTTT
T...TTT.......TTTTT.....TTT...............T...........T.......TTT.....TTTTTTTTTTTTTTT.TTTTTTTTTTTTTTTTT.......TTTTTTT...........TTT.......TTTTT.TTTTT.TTT...TTTTTTTTTTTTT.......TTTTTTTTT.......TTTTTTTTTTTTT.........T.........TTTTTTTTT.TTT...........TT
T.TTTTT.......TTTTT.....TTTTTTT.TTTTTTTTTTT...........T.......TTT.....TTTTTTTTTTTTTTT.TTTTTTTTTTTTTTTTT.......TTTTTTT...........TTT.......TTTTT.TTTTT.TTTTT.TTTTTTTTTTTTT.......TTTTTTTTT.......TTTTTTTTTTTTT.........T.........TTTTTTTTT.TTT...........TT
T.....T.......TTTTT.....TTTTTTT.......................T.......TTT.....TTTTTTTTTTTTT...TTTTTTTTTTTTTTTTT.......TTTTTTT...........TTT.......TTTTT.TTTTT...T...........TTTTT.......TTTTTTTTT.......TTTTTTTTTTTTT.......................TTT...TTT...........TT
T.....T.......TTTTTTTTT.TTTTTTT...........T...........T.......TTT.....TTTTTTTTTTTTT.TTTTTTTTTTTTTTTTTTTTT.TTT.TTTTTTT...........TTT.......TTTTT.TTTTTTT.T...........TTTTTTTTTTT.TTTTTTTTT.......TTTTTTTTTTTTTTTTT.TTTTT.........TTT.TTT.TTTTT...........TT
T...................T...TTTTTTT...........T...........T...............TTTTTTTTTTTTT...TTTTTTTTTTTTTTTTTTT.TTT.TTTTTTT...........TTT...............T.................TTTTTTTTTTT...TTTTTTT.......TTTTTTTTTTTTTTT.....TTT.........TTT.T...TTTTT...........TT
T.....T.......TTTTT.T.TTTTTTTTT...........T.TTTTTTTTTTT.......TTT.....TTTTTTTTTTTTTTT.TTTTTTTTTTTTTTTTTTT.TTT.TTTTTTT...........TTT.......T.......T.....T...........TTTTTTTTTTTTT.TTTTTTT.......TTTTTTTTTTTTTTT.TTT.TTT.........TTT.T.TTTTTTT...........TT
T.....T.......TTTTT...TTTTTTTTT...........T.......TTTTT.......TTT.....TTTTTTTTTTTTTTT.......TTTTTTTTTTTTT.........TTT.............................T.......................TTTTTTT.TTT...........TTTTTTT.........TTT.............TTT...TTTTTTT...........TT
T.....T.TTTTTTTTTTT.TTTTTTTTTTT...........T.......TTTTTTTTT.TTTTT.....TTTTTTTTTTTTTTTTT.....TTTTTTTTTTTTT.........TTT...........TTT.......T.......T.....TTTTTTTTTTTTT.....TTTTTTT.TTT.TTT.......TTTTTTT.........TTTTTTTTTTTTTTT.TTTTT.TTTTTTT...........TT
T.....T.TTTTTTTTTTT.TTTTTTTTTTT...................TTTTTTTTT.TTTTT.....TTTTTTTTTTTTTTTTT.....TTTTTTTTTTTTT.........TTT.............T.......T.......T.....TTTTTTTTTTTTT.....T...........TTT.......TTTTTTT.........TTTTTTTTT.........TTT.......T...........TT
T.....T.TTTTTTTTTTT.TTTTTTTTTTT...........T.......TTTTTTTTT.TTTTTTT.TTTTTTTTTTTTTTTTTTT.....TTTTTTTTTTTTT.........TTT...........T.T.......T.......T.....TTTTTTTTTTTTT.....T.........TTTTTTTTT.TTTTTTTTT.........TTTTTTTTT.........TTTTTTTTT.T...........TT
T.....T.........TTT...TTTTTTTTT...........T.......TTTTTTTTT.TTTTTTT.TTTTT.........TTTTT.....TTTTTTTTTTTTT.........TTT...........T.........T.......T.....TTTTTTTTTTTTT...............TTTTT.....TTTTTTTTT...........................TTTTTTTTT.T...........TT
TTTTTTTTTTT.....TTTTT.TTTTTTTTT...........TTTTTTTTTTTTTTTTT.TTTTTTT.TTTTT.........TTTTT.....TTTTTTTTTTTTTTT.T.TTTTTTT...........TTT.......T.......T.....TTTTTTTTTTTTT.....T.........TTTTT.TTTTTTTTTTTTTTTTTTTTTTTTTTTTTTT.........TTTTTTTTT.T...........TT
TTTTTTTTTTT.......TTT.....TTTTT.............TTTTTTTTTTTTT...................................TTTTTTTTT.........TTTTTTT...........TTT.......T.............TTTTTTTTTTTTT.....T.........TTT.......TTTTTTTTTTTTTTTTT...TTT.............TTTTTTTTT.............TT
TTTTTTTTTTT.....T.TTT.....TTTTTTTTTTTTT.TTT.TTTTTTTTTTTTT.............TTT.........TTTTTTT.TTTTTTTTTTT.........TTTTTTT...........TTTTTTTTTTTTTTTTT.T.....TTTTTTTTTTTTT.....T.........TTT.......TTTTTTTTTTTTTTTTT.T.TTT.TTT.........TTTTTTTTTTTTTTTTTTTTT.TT
TTTTTTTTTTT.....T.........TTTTTTTTTTTTT.T...........TTTTT.................................TTTTTTTTTTT.........TTTTTTT...........TTTTTTTTTTTTTTTTT.................TTT.....T.........TTT.......TTT.....TTTTTTTTT.T.....TTT.........TTTTTTTTTTTTTTTTTTT...TT
TTTTTTTTTTT.....TTTTT.....TTTTTTTTTTTTT.T...........TTTTT.............TTTTTTTTTTTTTTTTTTT.TTTTTTTTTTT.........TTTTTTTTTTTTT.TTTTTTTTTTTTTTTTTTTTTTTTTTTTT.........TTT.....TTT.T.TTTTTTT.......TTT.TTT.TTTTTTTTT.TTTTTTTTTTTTTTTTTTTTTTTTTTTTTTTTTTTTT.TTTT
TTTTTTTTTTT.....TTTTT.....TTT.......................TTTTT.............TTTTTTTTTTTTTTTTTTT.........TTT.........TTTTTTTTTTTTT.TTTTTTTTTTTTTTTTTTTTTTTTTTTTT.........TTT.....TTT.......TTT.......T...TTT...........TTTTTTTTTTTTTTTTTTTTTTTTTTTTTTTTTTT...TTTT
TTTTTTTTTTT.....TTTTT.....TTT...........T...........TTTTT.TTTTTTTTTTTTTTTTTTTTTTTTTTTTTTT.........TTT.........TTTTTTTTTTTTT.TTTTTTTTTTTTTTTTTTTTTTTTTTTTT.........TTTTTTTTTTT.......TTT.......T.TTTTT...........TTTTTTTTTTTTTTTTTTTTTTTTTTTTTTTTTTT.TTTTTT
TTTTTTTTT.......TTTTT.....TTT.......................TTTTT...TTTTTTTTTTTTTTTTTTTTTTTTTTTTT.........TTT.........TTTTTTTTTTTTT.TTTTT.......TTTTTTTTTTTTTTTTT.........TTTTTTTTTTT.......TTT.......T.TTTTT...........TTTTTTTTT.........TTTTTTTTTTTTTTTTT.....TT
TTTTTTTTT.TTTTTTTTTTT.....TTT...........T...........TTTTTTT.TTTTTTTTTTTTTTTTTTTTTTTTTTTTT.........TTT.........TTTTTTTTTTTTT.TTTTT.......TTTTTTTTTTTTTTTTT.........TTTTTTTTTTT.......TTT.......T.TTTTT...........TTTTTTTTT.........TTTTTTTTTTTTTTTTTTTTT.TT
TTTTT.......TTTTTTTTT.....TTT...........T...........TTTTT...........TTTTTTTTTTTTTTTTTTT...........TTT.........TTTTTTTTTTTTT...TTT.......T.......TTTTTTTTT.........TTTTTTTTTTT...................TTTTT...........TTTTTTTTT.........TTTTTTTTTTTTTTTTT.....TT
TTTTT.......TTTTTTTTTTT.TTTTT...........T...........TTTTT...........TTTTTTTTTTTTTTTTTTT.TTTTT.TTTTTTTTTTT.TTTTTTTTTTTTTTTTTTT.TTT.......T.......TTTTTTTTT.........TTTTTTTTTTT.......TTT.TTTTT.TTTTTTT...........TTTTTTTTT.........TTTTTTTTTTTTTTTTT.TTTTTT
TTTTT.......TTTTTTTTTTT...TTT...........T...........TTTTT...........TTTTTTTTTTTTTTTTTTT.TTTTT.TTTTTTTTTTT...TTTTTTTTTTTTT.....TTT...............TTTTTTTTT.........TTTTTTTTTTT.......TTT.TTTTT...................TTTTTTTTT.........TTTTTTTTT...........TTTT
TTTTT.......TTTTTTTTTTTTT.TTT...........TTTTTTTTTTT.TTTTT...........TTTTTTTTTTTTTTTTTTT.TTTTT.TTTTTTTTTTTTT.TTTTTTTTTTTTT.TTTTTTTTT.T.TTT.......TTTTTTTTT.........TTTTTTTTTTT.......TTT.TTTTTTT.TTTTTTT.TTTTT.TTTTTTTTTTT.........TTTTTTTTT...........TTTT
TTTTT.......TTTTTTTTTTT...T.............TTTTTTTTT.....TTT...............TTTTTTTTT.........TTT.TTTTTTTTTTTTT.....TTT.......TTTTT.........T.......TTTTTTTTT.........TTTTTTTTTTT.........T.........TTTTTTT.TTTTT.TTTTTTTTTTT.........TTTTTTTTT...........TTTT
TTTTT.......TTTTTTTTTTT.TTT.T...........TTTTTTTTT.....TTT...........TTT.TTTTTTTTT.........TTT.TTTTTTTTTTTTT.....TTT.......TTTTT.........T.......TTTTTTTTT.........TTTTTTTTTTT.T.TTTTT.T.........TTTTTTT.TTTTT.TTTTTTTTTTT.........TTTTTTTTT...........TTTT
TTTTT.......TTTTTTTTT...................TTTTTTTTT.....TTT...........TTT...TTTTT...........TTT...TTTTT.....T.....TTT.......TTTTT.........T.......TTTTTTTTT...........TTT...........TTT.T.........TTTTTTT.......TTTTTTTTTTT.........TTTTTTTTT...........TTTT
TTTTT.......TTTTTTTTT.......TTTTTTTTTTTTTTTTTTTTT.....TTTTTTTTTTTTTTTTTTT.TTTTT.T.........TTTTT.TTTTT.....T.....TTT.......TTTTT.........T.......TTTTTTTTTTTTTTTTTTT.TTT...........TTT.T.........TTTTTTT.......TTTTTTTTTTT.........TTTTTTTTT...........TTTT
TTTTT.......T.......T.......TTTTTTTTTTTTTTTTTTTTT.................T.......TTTTT.T.........T...T.TTTTT...........TTT.......TTTTT.........T.........................................TTT...........TTTTTTT.......TTTTTTTTTTT.........TTTTTTTTT...........TTTT
TTTTT.......T.......T.......TTTTTTTTTTTTTTTTTTTTT.....T...........T.......TTTTT.TTTTTTTTTTT.T.T.TTTTT.....T.....TTT.......TTTTT.........TTT.TTTTT.....TTT.............T...........TTTTT.........TTTTTTT.......TTTTTTTTTTT.T.TTTTTTTTTTTTTTT...........TTTT
TTTTT.......T.......T.......TTTTTTTTTTTTTTTTTTTTT.....T...........T.......TTTTT.TTTTTTTTTTT.T...TTTTT.....T.....TTT.......TTTTT.................T.....TTT.............T...........TTTTT.........TTTTTTT.......TTTTTTT.....T.TTTTTTTTTTTTTTT...........TTTT
TTTTT.......T.......T.......TTTTTTTTTTTTTTTTTTTTT.....T...........T.......TTTTT.TTTTTTTTTTT.TTTTTTTTT.....T.....TTT.......TTTTTTTTTTTTTTT.......T.....TTT.............T...........TTTTTTT.TTTTTTTTTTTTT.......TTTTTTT.TTTTT.TTTTTTTTTTTTTTT...........TTTT
TTTTT.........................T...........TTTTTTT.....T...................TTTTT.TTTTTTTTTTT.........T.....T.................TTTTTTTTTTTTT.......T.....TTT.............T...........TTT.............TTTTT.............T.........TTT.....TTTTT...........TTTT
TTTTT.......T.......T.......T.T...........TTTTTTT.....T...........T.......TTTTT.TTTTTTTTTTT.......T.T.....T.....TTTTT.TTTTT.TTTTTTTTTTTTT.......TTTTT.TTT.............T...........TTT.............TTTTT.......TTTTT.T.........TTT.....TTTTT...........TTTT
TTTTT...............T.......T.T...........TTTTTTT.....T...........T.......TTTTT...................T.......T.....TTTTT.......TTTTT...............TTTTT.................T...........TTT.............TTTTT.......TTTTT...........TTT.....TTTTT...........TTTT
TTTTTTTTTTTTT.......TTTTTTTTT.T...........TTTTTTT.....T.TTT.TTTTTTTTTTTTTTTTTTT.........TTT.......TTT.....T.....TTTTT.....TTTTTTT.....TTTTTTTTT.TTTTTTTTT.............TTTTT.T.TTTTTTT.............TTTTT.......TTTTTTT.........TTT.....TTTTTTTTTTTTT.T.TTTT
TTTTTTTTTTTTT.......TTT...................TTTTTTT.....T.............TTTTTTTTTTT.........TTT...............T.....TTTTT.....TTTTTTT.....TTTTTTTTT.TTTTTTTTT.............TTTTT.T.TTTTTTT.............T...........TTTTTTT.................TTTTTTTTTTT.......TT
TTTTTTTTTTTTT.......TTT.TTTTTTT...........TTTTTTT.....T.............TTTTTTTTTTT.........TTT.......TTT.....TTTTTTTTTTT.....TTTTTTT.....TTTTTTTTT.TTTTTTTTTTT.TTTTT.TTT.TTTTT.T.TTTTTTTTTTTTT.TTTTTTT.TTTTTTTTT.TTTTTTT.........TTT.....TTTTTTTTTTT.......TT
TTTTTTTTTTTTT.......TTT...TTTTT...........TTTTTTT.....T.............TTTTTTTTTTT.........TTT.......TTT.....TTTTTTTTTTT.....TTTTTTT.....TTTTTTTTT.............TTTTT.....TTT.....TTTTTTTTTTTTT.TTTTTTT.TTTTTTTTT.TTTTTTT.........TTT.....TTTTTTTTTTT.......TT
TTTTTTTTTTTTT.TTTTTTTTTTT.TTTTT...........TTTTTTTTT.T.T.............TTTTTTTTTTT.........TTT.......TTT.....TTTTTTTTTTT.....TTTTTTTTT.TTTTTTTTTTT...........TTTTTTT.....TTT.....TTTTTTTTTTTTT.TTTTTTT.TTTTTTTTT.TTTTTTT.........TTT.....TTTTTTTTTTT.......TT
TTTTTTTTTTTTT.TTTTTTT.........T.....................................TTTTTTTTTTT.........TTT.......TTT.....TTTTTTTTTTT...............TTTTTTTTTTT...........TTTTTTT.............TTTTT.........TTTTTTT...TTTTTTT.TTTTTTT.................TTTTTTTTTTT.......TT
TTTTTTTTTTTTT.TTTTTTT.........T.TTTTTTTTT.TTT.........T.............TTTTTTTTTTT.........TTTTTTTTTTTTT.....TTTTTTTTTTT.....T.........TTTTTTTTTTT...........TTTTTTT.....TTT.....TTTTT.........TTTTTTTTT.TTTTTTT.TTTTTTTTT.TTTTTTTTTTT.T.TTTTTTTTTTT.......TT
TTTTT.........TTTTTTT...........TTTTTTTTT.T...........T.............TTTTTTTTTTT.........TTTTTTTTTTT.......TTTTTTTTTTT.....T.........TTTTTTTTTTT...........TTTTTTT.....TTT.....TTTTT.........TTTTTTTTT.TTTTTTT.TTTTTTTTT.TTTTTTTTT...T.TTTTTTTTTTT.......TT
TTTTT.........TTTTTTT.........TTTTTTTTTTT.T.T.........T.............TTTTTTTTTTTTTTTTTTT.TTTTTTTTTTT.T.TTTTTTTTTTTTTTT.....T.........TTTTTTTTTTT...........TTTTTTT.....TTT.....TTTTT.........TTTTTTTTT.TTTTTTT.TTTTTTTTT.TTTTTTTTT.TTT.TTTTTTTTTTT.......TT
TTTTT.............TTT.........TTTTTTTTT.....T.........T.............TTTTTTTTTTTTT...............T...........TTTTTTTTT...............TTTTTTTTTTT...........TTTTTTT.....TTT...................TTTTTTTTT.........TTTTTTT.......TTTTT.......TTTTTTTTT.......TT
TTTTT.........TTT.TTT.........TTTTTTTTT.....TTTTTTTTT.TTTTTTTTTTTTTTTTTTTTTTTTTTT...............T...........TTTTTTTTT.....T.........TTTTTTTTTTT...........TTTTTTTTTTTTTTT.....TTTTTTT.TTTTTTTTTTTTTTTTT.......TTTTTTT.......TTTTT.......TTTTTTTTT.......TT
TTTTT.........TTT.TTT.........TTTTTTTTT.....TTTTTTTTT.TTTTTTTTTTTTTTTTTTTTT.....................T...........TTTTTTTTT.....T.........TTTTTTT...............TTTTTTTTTTTTTTT.....TTTTTTT.TTTTTTTTTTTTTTTTT.......TTTTTTT.......TTTTT.......TTTTTTTTT.......TT
TTTTT.........TTT.TTT.........TTTTTTTTT.....TTTTTTTTT.TTTTTTTTTTTTTTTTTTTTT.TTTTT...............T...........TTTTTTTTTTT.TTTTTTTTT.TTTTTTTTT.TTTTTTTTTTTTTTTTTTTTTTTTTTTTT.....TTTTTTT.TTTTTTTTTTTTTTTTT.......TTTTTTT.......TTTTT.......TTTTTTTTT.T.TTTTTT
TTTTT.........TTT.TTT.........TTTTTTTTT.........TTTTT.TTTTTTT...............TTTTT...............T...........TTTTTTT.........TTT.............TTTTTTTTTTTTTTTTTTTTTTTTTTTTT.....TTTTTTT.TTTTTTTTTTTTTTTTT.......TTTTTTT.......TTTTT.................T...TTTT
TTTTT.........TTT.TTTTTTTTTTTTTTTTTTTTT.....TTT.TTTTT.TTTTTTT.T.............TTTTT...............T...........TTTTTTT.........TTT.............TTTTTTTTTTTTTTTTTTTTTTTTTTTTT.TTT.TTTTTTT.TTTTTTTTTTTTTTTTT.......TTTTTTT.......TTTTT.......T.........TTT.TTTT
TTTTT.........TTT.TTTTTTTTTTTTTTTTTTTTT.....TTT...............T.............TTTTT...........................T.....T.........TTT.............TTTTTTTTTTTTTTTTT.................TTTTTTT...TTTTTTTTTTTTTTT.......TTTTTTT.........T.........T.............TTTT
TTTTT.........TTT.TTTTTTTTTTTTTTTTTTTTT.....TTTTT.......TTTTTTT.............TTTTT.TTTTTTTTTTTTTTTTTTTTTTTTT.T.....T.........TTT.............TTTTTTTTTTTTTTTTT...............TTTTTTTTTTT.TTTTTTTTTTTTTTT.......TTTTTTT.......T.T.TTTTTTTTT.........TTTTTTTT
TTTTT.........TTT...TTTTTTTTTTTTTTTTTTT.....TTTTT.......TTTTTTT.............TTTTT.TTTTTTTTTTTTTTTTTTTTTTTTT.......T.........TTT.............TTTTTTTTTTTTTTTTT...............TTTTTTTTTTT.TTTTTTTTTTTTTTT.........TTTTT.......T.T.TTT...TTT.........TTTTTTTT
TTTTT.........TTTTT.TTTTTTTTTTTTTTTTTTTTT.TTTTTTT.......TTTTTTT.............TTTTT.TTTTTTTTTTTTTTTTTTTTTTTTTTT.....T.........TTT.............TTTTTTTTTTTTTTTTT...............TTTTTTTTTTT.TTTTTTTTTTTTTTT.......T.TTTTTTTTT.TTT.T.TTT.T.TTT.TTTTT.TTTTTTTTTT
TTTTT.........TTTTT...........TTTTTTTTTTT.....TTT.......TTTTTTT.............TTTTT.TTTTTTTTTTTTTTT.....TTTTTTT...............TTT.............T.......TTTTTTTTT...............TTTTTTTTTTT.TTTTTTTTTTTTTTT.......T...TTTTT...TTT...TTT.T.TTT.TTTTT.TTTTTTTTTT
TTTTT.........TTTTTTT.........TTTTTTTTTTTTTTT.TTT.......TTTTTTT.............TTTTT.TTTTTTTTTTTTTTT.TTT.TTTTTTTTTTTTT.........TTT.............T.......TTTTTTTTT...............TTTTTTTTTTT.TTTTTTTTTTTTTTTTTTTTTTTTT.TTTTT.TTTTTTT.TTT.T.TTT.TTTTT.TTTTTTTTTT
TTTTT.........TTTTTTT.........TTTTTTTTTTTTT...T.........TTTTTTT...............TTT.TTTTTTTTTTT.....TTT...TTTTTTTTTTT.........TTT.............T.......TTTTTTTTT...................................TTTTTTTTTTTTTTT...........TTTTT.....T.TTT...........TTTTTT
TTTTTTT.T.TTTTTTTTTTT.........TTTTTTTTTTTTT.TTT.TTTTTTTTTTTTTTT.............T.TTT.TTTTTTTTTTT.TTTTTTTTT.TTTTTTTTTTT.........TTT.............T.......TTTTTTTTTTT.T.TTTTTTTTTTT...........T.......TTTTTTTTTTTTTTT...........TTTTTTTTTTT.TTTTTTT.......TTTTTT
T.........TTTTTTTTTTT.........TTTTT.............TTTTTTTTTTTTTTT.............T.................TTTTTTT...TTTTTTTTTTT.........TTT.....................TTTTT.........TTTTTTTTTTT...................TTTTTTTTTTTTTTT...........TTTTTTTTTTT.TTTTT.........TTTTTT
T.........TTTTTTTTTTT.........TTTTT.............TTTTTTTTTTTTTTT.............TTTTT...........TTTTTTTTT.TTTTTTTTTTTTTTTTT.T.TTTTT.............T.......TTTTT.........TTTTTTTTTTT...........T.......TTTTTTTTTTTTTTT...........TTTTTTTTTTT.TTTTT.T.......TTTTTT
T.........TTTTTTTTTTT.........TTTTT.............TTTTTTTTTTTTTTT.............TTTTT...........TTTTTTTTT.T.........TTTTTTT.T.TTT...............T.......TTTTT.........T.......TTT...........T.......TTTTTTTTTTTTTTT...........TTTTTTTTTTT.......T.......TTTTTT
T.........TTTTTTTTTTT.........TTTTT.............TTTTTTTTTTTTTTT.............TTTTT...........TTTTTTTTT.T.........TTTTTTT.T.TTT.TTTTTTTTTTTTT.T.......TTTTT.........T.......TTT.TTTTTTT.TTT.......TTTTTTTTTTTTTTT...........TTTTTTTTTTT.......TTTTT.TTTTTTTT
T.........TTTTTTTTTTT.........TTTTT.........................TTT.............TTTTT...........TTTTTTTTT...........TTTTT.........TTTTTTTTT.............TTTTT.........T.............TTTTT.TTT.......TTTTTTTTTTTTTTT...........TTTTTTTTTTT.......T.....TTTTTTTT
T.........TTTTTTTTTTT.........TTTTT.............T...........TTT.TTTTTTTTTTTTTTTTT...........TTTTTTTTTTT.........TTTTT.........TTTTTTTTT.TTTTTTTTTTTTTTTTT.........T.......T.....TTTTT.TTTTTTTTTTTTTTTTTTTTTTTTT...........TTTTTTTTTTT.......T.TTTTTTTTTTTT
T.........TTTTTTTTTTT.........TTTTT.............T...............TTTTTTTTTTTTTTTTT...........TTTTTTTTTTT.........TTTTT.........TTT...TTT.....TTTTTTTTTTTTT.........T.......T.....TTTTT.TTTTTTTTTTTTTTTTTTTTTTTTT...........TTTTTTTTTTT.........TTTTTTTTTTTT
T.........TTTTTTTTTTT.........TTTTT.............T...........TTTTTTTTTTTTTTTTTTTTT...........TTTTTTTTTTTTTTTTTTT.TTTTT.........TTT.T.TTTTTTT.TTTTTTTTTTTTT.........T.......T.....TTTTT.TTTTTTTTTTTTTTTTTTTTTTTTTTT.TTTTTTTTTTTTTTTTTTT.......TTTTTTTTTTTTTT
T.........TTTTTTTTTTT.........TTTTT.............T.................TTTTTTTTTTTTTTT...........TTTTTTTTTTTTTTTTTTT.....T.........TTT.T.....T...........TTTTT.................T.....TTTTT.......TTTTTTTTTTTTTTTTTTT...TTTTTTTTTTTTTTTTTTT.......TTTTTTTTTTTTTT
T.........TTTTTTTTTTTTTTT.T.TTTTTTT.............T...........T.....TTTTTTTTTTTTTTT...........TTTTTTTTTTTTTTTTTTTTTTT.T.........TTT.TTTTT.T...........TTTTT.........T.......T.....TTTTTTT.....TTTTTTTTTTTTTTTTTTT.TTTTTTTTTTTTTTTTTTTTT.......TTTTTTTTTTTTTT
T.........TTTTTTTTTTTTT...T...TTTTT.............T...........T.....TTTTTTTTTTTTTTT...........TTTTTTTTT.......TTTTTTT.T.........TTT.TTTTT.............TTTTT.......................TTTTTTT.....TTTTTTT.....TTTTTTT.TTTTTTTTT...........T.......T...TTTTTTTTTT
TTTTT.T.TTTTTTTTTTTTTTT.TTTTT.TTTTT.............T...........T.....TTTTTTTTTTTTTTT...........TTTTTTTTT.......TTTTTTT.TTTTTTTTTTTTT.TTTTTTT...........TTTTT.........T.......TTTTTTTTTTTTT.....TTTTTTT.....TTTTTTT.TTTTTTTTT...........T.TTTTTTT.T.TTTTTTTTTT
TTTTT...........TTTTTTT.TTTTT...................T...........T.....TTTTTTTTTTTTTTT...........TTTTTTTTT...............TTTTTTT.........TTTTT...........TTTTT.........T.......TTTTTTTTTTTTT.....TTTTTTT.....TTTTTTT.T...TTTTT...........T.TTTTTTT.T.....TTTTTT
TTTTTTT.........TTTTTTT.TTTTTTTTT.TTTTT.TTTTTTTTTTTTT.TTTTT.T.....TTTTTTTTTTTTTTT...........TTTTTTTTT.......T.......TTTTTTT.........TTTTT...........TTTTTTTTTTTTTTTTTTTTTTTTTTTTTTTTTTT.....TTTTTTT.....TTTTTTT.T.T.TTTTT...........T.TTTTTTT.T.....TTTTTT
TTTTTTT.........TTTTTTT.TTTTTTTTT...........TTTTTTTTT...TTT.......TTTTTTTTTTTTTTT...........TTTTTTTTT...............TTTTTTT.........TTTTT...........TTTTTTTTTTTTTTTTTTTTTTTTTTTTTTTTTTT...........T...............T.TTTTT...........T.........T.....TTTTTT
TTTTTTT.........TTTTTTT.TTTTTTTTT...........TTTTTTTTTTT.TTT.TTTTTTTTTTTTTTTTTTTTTTTTT.TTTTT.TTTTTTTTT.......T.......TTTTTTT.........TTTTT...........TTTTTTTTTTTTTTTTTTTTTTTTTTTTTTTTTTTTTTTTTTTTT.T.....T.........T.TTTTT...........TTTTT.....T.....TTTTTT
TTTTTTT.........TTT.............T...........TTTTTTTTTTT...T.....TTTTTTTTTTTTTTTTTTT...TTTTT.......TTT.......T.......TTTTTTT...........TTT...........TTTTTTTTTTTTTTTTTTTTTTTTTTTTTTTTTTTTTTTTTTTTT.T.....T.........T.....T...........TTTTT.....T.....TTTTTT
TTTTTTT.........TTT.............T...........TTTTTTTTTTTTT.TTTTT.TTTTTTTTTTTTTTTTTTT.TTTTTTTTTTTTT.TTT.......T.......TTTTTTTTTTTTTTTTT.TTT...........TTTTTTTTTTTTTTTTTTTTTTTTTTTTTTTTTTTTTTTTTTTTT.T.....T.........TTTTT.T...........TTTTT.....T.....TTTTTT
TTTTTTT.........TTT.............T...........TTTTT...............TTT.....TTT.........TTTTTTTTT.....TTT.......T.......TTTTTTTTTTTTTTTTT...............TTTTTTTTTTTTTTTTTTTTTTTTTTTTTTTTTTTTTTTTTTTTT.......T.........TTTTT.............................TTTTTT
TTTTTTTTT.TTTTTTTTT.............T...........TTTTT...............TTT.....TTT.........TTTTTTTTT.....TTT.......T.......TTTTTTTTTTTTTTTTTTTTTTTTTTTTT.TTTTTTTTTTTTTTTTTTTTTTTTTTTTTTTTTTTTTTTTTTTTTTTTTTT.TTTTT.T.TTT.TTTTTTTTTTTTTTT.T.TTTTT.....TTTTTTTTTTTT
TTT.........TTTTTTT.............T...........TTTTT...............T.......TTT.........TTTTTTTTT.....TTT.......T.......TTTTTTTTTTTTTTTTTTTTTTTTTTTTT.........TTTTTTTTTTT.........TTTTTTTTTTTTTTTTTTTTT...T.......TTT.TTTTTTTTTTT...........T.....TTTTTTTTTTTT
TTT.........TTTTTTT.............T...........TTTTT...............T.T.....TTT.........TTTTTTTTT.....TTT.T.TTTTT.......TTTTTTTTTTTTTTTTTTTTTTTTTTTTTTTTTTTTT.TTTTTTTTTTT.........TTTTTTTTTTTTTTTTTTTTT.TTT.......TTT.TTTTTTTTTTT.........T.T.....TTTTTTTTTTTT
TTT.........TTTTTTT.........................TTTTT.................T.....TTT.........TTTTTTTTT...........TTTTT.......TTTTTTTTTTTTTTTTTTTTTTTTTTTTTTTTTTT...TTTTTTTTTTT.........TTTTTTTTTTTTTTTTTTT.....T.......TTT...TTTTTTTTT.........T.......TTTTTTTTTTTT
TTT.........TTTTTTT.............T...........TTTTT...............TTT.....TTTTTTTTTTT.TTTTTTTTT.....T.....TTTTTTT.TTT.TTTTTTTTTTTTTTTTTTTTTTTTTTTTTTTTTTT.TTTTTTTTTTTTT.........TTTTTTTTTTTTTTTTTTT.....T.......TTTTT.TTTTTTTTT.........TTT.....TTTTTTTTTTTT
TTT.........TTTTTTT.........................TTTTT...............TTT.....TTTTTTTTT...........T.....T.....TTTTTTT.............TTTTTTTTTTTTTTTTTTTTTTT...........TTTTTTT.........TTTTTTTTTTTTTTTTTTT.......................TTTTT.........TTT.....TTTTTTTTTTTT
TTT.........TTTTTTTTTTT.TTTTTTTTTTTTTTTTTTTTTTTTT...............TTT.....TTTTTTTTT...........T.....T.....TTTTTTT.........TTT.TTTTTTTTTTTTTTTTTTTTTTT...........TTTTTTT.........TTTTTTTTTTTTTTTTTTT.....T.TTTTTTT.........TTTTT.........TTT.TTTTTTTTTTTTTTTT
TTT.........TTTTTTTTTTT...TTTTTTTTTTTTTTTTTTTTTTT.......................TTTTTTTTT.......................TTTTTTT.........TTT...................TTTTT...........................TTTTTTTTTTTTTTTTTTT.......TTTTTTT.........TTTTT.........TTT...TTTTTTTTTTTTTT
TTT.........TTTTTTTTTTTTT.TTTTTTTTTTTTTTTTTTTTTTTTTTTTT.T.TTTTTTTTT.....TTTTTTTTT...........T.....T.....TTTTTTT.........TTTTTTTTT.............TTTTT...........TTTTTTT.........TTTTTTTTTTTTTTTTTTT.....TTTTTTTTT.........TTTTT.........TTTTT.TTTTTTTTTTTTTT
TTT.........TTTTTTTTTTTTT...........TTTTTTTTTTTTTTTTTTT.....TTTTTTT.....TTTTTTTTT...........T.....T.....TTTTTTT.........TTTTTTTTT.............TTTTT...........TTTTTTT.........TTTTTTTTT.........T.....TTTTTTTTT.........TTTTT.........TTTTT.......TTTTTTTT
TTTTT.T.TTTTTTTTTTTTTTTTTTT.........TTTTTTTTTTTTTTTTTTT.....TTTTTTTTTTTTTTTTTTTTT...........T.....T.....TTTTTTT.........TTTTTTTTT.............TTTTT...........TTTTTTT.........TTTTTTTTT.........T.TTTTTTTTTTTTT.........TTTTT.........TTTTT.......TTTTTTTT
TTT...............T.....................TTTTTTTTTTTTTTT.....TTTTTTTTTTTTTTTTTTTTT...........T.....T.........TTT.........TTTTTTTTT.............TTTTT...........TTTTTTT.........TTTTTTTTT...........TTTTTTTTTTTTT...........TTT.........TTTTT.......TTTTTTTT
TTT...............T.......T.........TTT.TTTTTTTTTTTTTTT.....TTTTTTTTTTTTTTTTTTTTT...........T.....T.....TTT.TTT.........TTTTTTTTT.............TTTTT...........TTTTTTT.........TTTTTTTTT.........TTTTTTTTTTTTTTT.........T.TTTTTTT.TTT.TTTTT.......TTTTTTTT
TTT...............T.................TTT.......TTTTTTTTT.....TTTTTTTTTTTTTTTTTTTTT...........T.....T.....TTT.TTT.........TTTTTTTTT.............................TTTTTTT.........TTTTTTTTT.........TTTTTTTTTTTTTTT.........T.....TTT.TTT.TTTTT.......TTTTTTTT
TTT...............T.......T.........TTT.......TTTTTTTTT.....TTTTTTTTTTTTTTTTTTTTTTT.TTT.T.TTT.....TTTTTTTTT.TTTTTTTTTTTTTTTTTTTTT.............TTTTTTTTTTTTTTTTTTTTTTT.TTTTTTT.TTTTTTTTT.........TTTTTTTTTTTTTTTTTTTTTTT.TTTTT.TTT.TTT.TTTTT.......TTTTTTTT
TTT.......................T.........TTT.......TTTTTTTTT.....TTTTTTT.................TTT.T.TTT.....TTTTTTT...TTTTTTTTTTTTTTTTTTTTT.............TTTTTTTTTTTTTTTTTTT.....TTTTTTT.......TTT.........TTTTTTTTTTTTTTTTTTTTTTT.TTTTT.....TTT.............TTTTTTTT
TTT...............T.......TTTTTTTTTTTTT.......TTTTTTTTTTTTTTTTTTTTT.............TTTTTTT.T.TTTTTTTTTTTTTTT.TTTTTTTTTTTTTTTTTTTTTTT.............TTTTTTTTTTTTTTTTTTT.....TTTTTTTTTTTTT.TTTTTTT.TTTTTTTTTTTTTTTTTTTTTTTTTTT.TTTTTTT.TTTTT.TTTTT.......TTTTTTTT
TTT...............T.......TTTTTTTTTTTTT.......TTTTTTTTTTTTTTTTTTTTT.............T.........TTTTTTTTTTTTT.........TTTTTTTTT.......T.............TTTTTTTTTTTTTTTTTTT.....TTT.....TTTTT...........TTTTTTTTTTTTTTTTTTTTTTT...TTT...........TTTTT.......TTTTTTTT
TTTTT.TTTTTTTTTTT.TTT.TTT.TTTTTTTTTTTTT.TTTTTTTTTTTTTTTTTTTTTTTTTTT.............T.......TTTTTTTTTTTTTTT.........TTTTTTTTT.......TTT.TTTTT.TTT.TTTTTTTTTTTTTTTTTTT.....TTT.....TTTTT...........TTTTTTTTTTTTTTTTTTTTTTT.TTTTT...........TTTTT.......TTTTTTTT
TTTTT...TTTTTTTTT.........T...............TTTTTTTTTTTTTTTTTTTTTTTTT.....................TTTTTTTTTTTTTTT.........TTTTTTTTT.......T.........TTT.......TTTTTTTTTTTTT.....TTT.....................TTTTTTTTT.....TTT.......TTTTT...........TTTTT.......TTTTTTTT
TTTTTTT.TTTTTTTTT.........T...............TTTTTTTTTTTTTTTTTTTTTTTTT.............T.......TTTTTTTTTTTTTTT.........TTTTTTTTT.......T.......T.TTT.......TTTTTTTTTTTTT.....TTT.....TTTTT...........TTTTTTTTT.....TTT.......TTTTT...........TTTTT.......TTTTTTTT
TTTTTTT.TTTTTTTTT...........................TTTTTTTTTTTTTTTTTTTTTTT.............T.......TTTTTTTTTTTTTTT.........TTTTTTTTT...............T...T.........T...............TTT.....TTTTT.............TTTTTTT...............TTTTT...........TTTTT.......TTTTTTTT
TTTTTTT.TTTTTTTTT.........T...............T.TTTTTTTTTTTTTTTTTTTTTTT.TTTTTTT.TTTTT.......TTTTTTTTTTTTTTT.........TTTTTTTTTTTTT.TTT.......TTT.T.......T.T.........T.....TTT.....TTTTT...........T.TTTTTTT.....TTT.......TTTTT...........TTTTT.......TTTTTTTT
TTTTTTT.........T.........T...............T.TTTTTTTTTTTTTTT.........TTTTTTT.TTTTT.......TTTTTTTTTTTTTTT...........TTTTTTTTTTT.T.........TTT.........T...........T.............TTTTT...........T.TTTTTTT.....TTT.......TTTTT...........TTTTT.......TTTTTTTT
TTTTTTT.........TTTTTTTTT.T...............T.TTTTTTTTTTTTTTT.....TTTTTTTTTTT.TTTTTTTTTTTTTTTTTTTTTTTTTTT.........T.TTTTTTTTTTT.T.T.TTTTTTTTTTTTTTTTT.TTT.........T.....TTT.....TTTTT...........T.TTTTTTT.TTTTTTTTTTT.TTTTTTT.T.TTTTTTTTTTTTTTTTTTTTTTTTTTTT
TTTTTTT.........TTTTT.....................T.........TTTTTTT.....TTTTTTTTTTT.TTTTTTTTTTTTTTTTTTTTTTTTTTT.........T...TTT...........TTTTTTTTTTTTTTTTT.TTT...............TTT.....TTTTT...........T...........................T.T...TTTTTTTTTTTTTTTTTTTTTTTTTT
TTTTTTT.........TTTTT.....T...............T.........TTTTTTT.....TTTTTTTTTTT.TTTTTTTTTTTTTTTTTTTTTTTTTTT.........TTT.TTT.........TTTTTTTTTTTTTTTTTTT.TTT.........T.....TTT.TTT.TTTTT...........TTTTT.......................T.TTT.TTTTTTTTTTTTTTTTTTTTTTTTTT
TTTTTTT...........TTT.....T.........................TTTTTTT.....TTTTTTTTTTT.TTTTTTTTTTTTTTTTTTTTTTTTTTT.........TTT.............TTTTTTTTTTTTTTTTTTT.............T.....TTT.TTT.TTTTT...........TTTTT.........................TTT.TTTTTTTTTTTTTTTTTTTTTTTTTT
TTTTTTTTTTTTTTTTT.TTT.....TTTTTTTTTTTTTTTTT.........TTTTTTT.....TTTTTTTTTTT.TTTTTTTTTTTTTTTTTTTTTTTTTTT.........TTTTTTT.........TTTTTTTTTTTTTTTTTTTTTTT.........T.....TTT.TTT.TTTTT...........TTTTT.......................TTTTT.TTTTTTTTTTTTTTTTTTTTTTTTTT
TTTTTTTTT.......T.TTT.....TTTTTTTTTTTTTTTTT.........TTTTT.......TTTTT.............TTTTTTTTT.......TTTTT.........TTT...T.........TTTTTTTTTTTTTTTTTTTTTTT.........T.....T...TTT.TTTTT...........TTTTT.........................TTT...TTTTTTT.............TTTT
TTTTTTTTT.......T.TTT.....TTTTTTTTTTTTTTTTT.........TTTTT.T.....TTTTT.............TTTTTTTTT.......TTTTT.........TTT.T.T.........TTTTTTTTTTTTTTTTTTTTTTT.TTTTTTTTTTT.TTT.TTTTT.TTTTT...........TTTTT.......................T.TTTTT.TTTTTTT.TTT.........TTTT
TTTTTTTTT.................T.......TTTTTTT.................T.....TTTTT.............TTTTTTTTT.......TTTTT.............T.T.........TTTTTTT.............T...TTTTTTTTTTT.TTT.TTTTT.................TTTTT.......................................TTT.........TTTT
TTTTTTTTT.......TTTTT.....T.......TTTTTTT.T.........TTTTTTTTTTT.TTTTT.............TTTTTTTTT.......TTTTTTTTTTT.TTTTTTT.T.TTTTTTTTTTTTTTT.........TTT.T.TTTTTTTTTTTTT.TTT.TTTTTTTTTTTTTTTTTTTTTTTTTTT.TTTTTTTTTTTTTTTTT.T.TTT.............TTTTT.........TTTT
TTTTTTTTT.......TTTTT.............TTT.....T.........TTTTTTTTTTT.TTTTT.............TTTTTTTTT.......TTTTTTTTTTT.....TTT.....TTTTTTTTTTTTT.........TTT...TTTTTTTTT...............TTTTTTTTTTTTTTTTTTTTT.TTTTTTTTTTTTTTTTT.T.TTT.............TTTTT.........TTTT
TTTTTTTTT.......TTTTT.....T.......TTT.....T.........TTTTTTTTTTT.TTTTT.............TTTTTTTTTTT.TTT.TTTTTTTTTTTTTTT.TTT.....TTTTTTTTTTTTT.........TTTTTTTTTTTTTTT.........TTTTT.TTTTTTTTTTTTTTTTTTTTT.TTTTTTTTTTTTTTTTT.T.TTT.............TTTTT.........TTTT
TTTTTTTTT.......TTTTT.....T.......TTT.....T...........TTTTTTTTT.....T.............TTT.....................T...TTT.TTT.....TTTTTTTTTTTTT.........TTTTTTTTTTTTTTT.........T.............TTTTTTTTTTTTT.TTTTTTTTTTTTTTT.......T.............TTTTT.........TTTT
TTTTTTTTT.......TTTTTTT.TTT.......TTT.....TTTTTTTTTTT.TTTTTTTTT.....T.............TTT...............T.....T.T.TTT.TTT.....TTTTTTTTTTTTTTTTTTT.T.TTTTTTTTTTTTTTT.........T.............TTTTTTTTTTTTT.TTTTTTTTTTTTTTT.......T.............TTTTTTTTTTTTT.TTTT
TTTTTTTTT.......TTT.....TTT.......TTT.....TTTTTTTTT...TTTTTTTTT...................TTT...............T.......T...T.TTT.....TTTTTTTTTTTTTTT.....T.TTTTTTTTTTTTTTT.......................TTTTTTTTTTTTT...TTTTTTTTTTTTT.......T.............TTTTTTTTTTTTT.TTTT
TTTTTTTTT.......TTT.TTTTTTTTTTT.TTTTT.....TTTTTTTTT.TTTTTTTTTTT.....TTTTT.TTTTT.TTTTT...............T.....TTTTT.T.TTT.....TTTTTTTTTTTTTTT.TTTTT.TTTTTTTTTTTTTTT.........T.............TTTTTTTTTTTTTTT.TTTTTTTTTTTTT.......T.............TTTTTTTTTTTTT.TTTT
TTTTTTTTT...........TTTTTTTTTTT.TTTTT.....TTT...........TTT.........T...........TTTTT.....................TTT.......T.....TTTTTTTTTTT.......TTT...TTTTTTTTTTTTT.........T.............TTT.........T...TTTTTTTTTTTTT.......T.....................TTTTT...TT
TTTTTTTTTTTTTTT.TTTTTTTTTTTTTTT.TTTTT.TTTTTTT...........TTT.TTTTTTTTT...........TTTTT.TTT.TTTTTTTTTTT.....TTT.......T.TTTTTTTTTTTTTTT.......TTTTT.TTTTTTTTTTTTT.........T.............TTT.........T.TTTTTTTTTTTTTTT.......T.............TTT.....TTTTTTT.TT
TTTTTTTTTTTTTTT.TTTTTTTTTTTTTTT.........................T...TTTTTTTTT...........TTT...TTT.TTTTTTTTTTT.....TTT.........TTTTTTTTTTTTTTT.......TTTTT.TTTTTTTTTTTTT.........T...........................TTT...........T.......T.............TTT.............TT
TTTTTTTTTTTTTTT.TTTTTTTTTTTTTTT.............T...........T.TTTTTTTTTTT...........TTT.TTTTT.TTTTTTTTTTT.....TTT.......TTTTTTTTTTTTTTTTT.......TTTTT.TTTTTTTTTTTTT.........T.............TTT.........TTTTT...........TTTTTTT.TTTTTTTTTTTTTTTTT.....TTTTTTTTTT
TTTTTTTTTTTTTTT.TTTTTTTTTTTTTTT...........................TTTTTTTTTTT.....................TTTTTTTTTTT.....TTT.......TTTTTTTTTTTTTTTTT.......TTTTT.TTTTTTTTTTTTT.........T.............TTT.........TTTTT...........TTTTTTT.TTTTTTTTTTTTTTTTT.....TTTTTTTTTT
TTTTTTTTTTTTTTT.TTTTTTTTTTTTTTT.............T...........TTTTTTTTTTTTT...........TTT.......TTTTTTTTTTT.....TTT.......TTTTTTTTTTTTTTTTT.......TTTTT.TTTTTTTTTTTTT.........TTTTTTTTTTTTTTTTTTTTTTTTTTTTTTT...........TTTTTTT.TTTTTTTTTTTTTTTTT.....TTTTTTTTTT
TTTTTTTTTTTTTTT...TTTTT.......T.............T...........TTTTTTTTTTTTT...........T.........TTTTTTTTTTT...............TTTTTTTTT.....TTT.......TTT...TTTTTTTTTTTTT.........TTTTTTTTTTTTTTTTTTTTTTTTTTTTTTT...........TTTTTTT...TTTTTTTTTTTTTTT.....TTTTTTTTTT
TTTTTTTTTTTTTTTTT.TTTTT.T.....T.............T...........TTTTTTTTTTTTTTTTTTTTTTT.T.T.......TTTTTTTTTTTTTTTTTTT.......TTTTTTTTT.....TTT.......TTT.TTTTTTTTTTTTTTT.........TTTTTTTTTTTTTTTTTTTTTTTTTTTTTTTTTTT.TTT.TTTTTTTTTTT.TTTTTTTTTTTTTTT.....TTTTTTTTTT
TTTTTTTTTTTTTTT.........T...................T...........TTTTTTTTTTTTTTTTTTTTTTT...T.......TTTTTTTTTTTTTTTTTTT.......TTTTTTTTT...............TTT.TTTTTTTTTTTTT.............TTTTTTTTTTTTTTTTTTTTTTTTT.........TTT.TTTTTTTTTTT.TTTTTTTTTTTTTTT.....TTTTTTTTTT
TTTTTTTTTTTTTTT.....TTTTT.....T.............TTT.T.TTTTTTTTTTTTTTTTTTTTTTTTTTTTTTTTT.......TTTTTTTTTTTTTTTTTTT.......TTTTTTTTT.....TTT.TTTTTTTTT.TTTTTTTTTTTTT.T.TTTTTTT.T.TTTTTTTTTTTTTTTTTTTTTTTTT.TTTTTTTTTTT.TTTTTTTTTTT.TTTTTTTTTTTTTTT.....TTTTTTTTTT
TTTTTTTTTTTTTTT.....TTTTT.....T.............TTT...........TTTTTTTTTTTTTTTTTTTTTTTTT.......TTTTT.....TTTTTTTTT.......T.......T.........TTT...........TTTTTTT.....TTTTTTT.T...........T.........TTT...TTTTTTTTTTT...TTT.......TTTTTTTTTTTTTTT.....TTTTTTTTTT
TTTTTTTTTTTTTTT.....TTTTT.....T.............TTT...........TTTTTTTTTTTTTTTTTTTTTTTTT.......TTTTT.....TTTTTTTTTTTTTTT.T.......T.....TTTTTTT...........TTTTTTT.....TTTTTTT.TTT.........T.........TTT.TTTTTTTTTTTTTTT.TTT.....TTTTTTTTTTTTTTTTT.TTT.TTTTTTTTTT
TTT.................TTTTT.....T.............TTT...........TTT...................T...................TTTTTTTTTTTTTTT.T.............TTTTTTT...........TTTTTTT.....TTTTT...TTT...................TTT.TTTTTTTTTTTTTTT.T.......TTTTTTTTTTTTTTTTT.TTT.TTTTTTTTTT
TTT...........T.....TTTTTTTTTTTTTTTTT.T.TTTTTTT...........TTT.T.................T.TTTTT.TTTTTTT.....TTTTTTTTTTTTTTT.T.......T.....TTTTTTT...........TTTTTTT.....TTTTT.TTTTT.........T.........TTT.TTTTTTTTTTTTTTT.T.T.....TTTTTTTTTTTTTTTTT.TTT.TTTTTTTTTT
TTT...........T.....TTTTTTTTT...........TTTTTTT...............T.....................T...TTTTTTT.....TTTTTTTTTTTTTTT...............T.....T...........TTTTTTT.....TTTTT...............T.............TTTTT.............T.....TTTTTTTTT.............TTTTTTTTTT
TTT...........T.....TTTTTTTTT.........TTTTTTTTT...........TTTTT.................TTT.T.TTTTTTTTT.....TTTTTTTTTTTTTTTTT.......T.....T.....T...........TTTTTTT.....TTTTTTTTTTTTT.TTTTTTTTTTTTT.TTTTTTTTTTT.............T.....TTTTTTTTT.............TTTTTTTTTT
TTT.................TTTTTTTTT.........TTTTTTTTT...........TTTTT.................TTT.........TTT.......TTTTTTTTTTTTTTT.......T.....T.....T...........TTTTTTT.....TTTTTTTTTTTTT.TTTTTTTTT.....TTTTTTTTTTT.............T.....TTTTTTTTT.............TTTTTTTTTT
TTTTT.TTTTTTTTTTTTTTTTTTTTTTT.........TTTTTTTTT...........TTTTT.................TTTTT.......TTT.....T.TTTTTTTTTTTTTTT.......T.....T.....T...........TTTTTTT.....TTTTTTTTTTTTT.TTTTTTTTT.TTTTTTTTTTTTTTT.............T.TTTTTTTTTTTTT.............TTTTTTTTTT
TTT...TTTTTTTTTTTTTTTTTTTTTTT...........TTTTTTT...........TTTTT.................TTTTT.......TTT.....T.T...TTTTTTTTTTT.......T...........T...........T.....T.....TTTTTTTTTTTTT.......TTT...........TTTTT...............TTTTTTTTTTTTT.............TTTTTTTTTT
TTT.TTTTTTTTTTTTTTTTTTTTTTTTT.TTTTTTTTT.TTTTTTT.TTTTTTTTTTTTTTT.................TTTTT.......TTTTTTTTT.T.T.TTTTTTTTTTT.TTTTTTT.....T.....TTTTTTT.TTTTT.....T.....TTTTTTTTTTTTT.......TTTTT.........TTTTTTTTTTT.TTT.TTTTTTTTTTTTTTTTT.............TTTTTTTTTT
TTT.....TTTTTTTTTTTTTTTTTTTTT.TTTTTTTTT...........TTTTTTTTTTTTT.................TTTTT.......TTTTTTTTT...T.TTTTTTTTTTT.TTTTTTT.....T.................T.....T.....TTTTTTTTTTT.........TTTTT.........TTTTTTTTTTT.......TTTTTTTTTTTTTTT.............TTTTTTTTTT
TTT.....TTTTTTTTTTTTTTTTTTTTT.TTTTTTTTT...........TTTTTTTTTTTTT.................TTTTT.......TTTTTTTTTTTTT.TTTTTTTTTTT.TTTTTTTTTTT.T.....TTT.........T.....T.....TTTTTTTTTTT.T.......TTTTT.........TTTTTTTTTTT.......TTTTTTTTTTTTTTTTTTT.TTTTT.TTTTTTTTTTTT
TTT.....TTTTTTTTTTT.............TTTTTTT...........TTTTTTTTTTTTT.................TTTTT.......TTTTTTTTTTTTT.......TTTTT...TTTTTTT...T.....TTT.....................T...........T.......TTTTT.........TTT.......T.......TTTTTTTTTTTTTTTTTTT.......TTTTTTTTTTTT
TTT.....TTTTTTTTTTT.............TTTTTTT...........TTTTTTTTTTTTT.................TTTTTTT.TTT.TTTTTTTTTTTTT.......TTTTTTT.TTTTTTT.TTTTTTT.TTT.........T.....T.....T...........T.......TTTTT.........TTT.......T.......TTTTTTTTTTTTTTTTTTT.......TTTTTTTTTTTT
TTT.......TTTTTTTTT.............TTTTTTT...........TTTTTTTTTTTTT.................TTTTTTT.TTT.TTTTTTTTTTTTT.......T...............TTTTT...TTT...............T.....T...........T.......TTTTT.........TTT.......T...........TTTTTTTTTTTTTTT.......TTTTTTTTTTTT
TTTTT.TTT.TTTTTTTTT.............TTTTTTTTT.T.T.TTTTTTTTTTTTTTTTT.................TTTTTTT.TTT.TTTTTTTTTTTTT.......T.....T.........TTTTT.TTTTT.........T.....T.....T...........T.......TTTTT.........TTT.......T.......TTT.TTTTTTTTTTTTTTT.......TTTTTTTTTTTT
TTT...TTT.....TTTTT.............TTTTTTTTT.T.........TTTTTTTTTTT.................TTTTTTT.........TTTTTTTTT.......T.....T.........TTT.................T...........T...........T.......TTTTT.........TTT...............TTT.TTTTTTTTTTTTTTT.......TTTTTTTTTTTT
TTT.TTTTTTTTT.TTTTT.............TTTTTTTTT.T.........TTTTTTTTTTT.................TTTTTTT.........TTTTTTTTT.......T.....T.........TTT.....TTT.........T.....TTT.T.T...........T.......TTTTTTTTT.TTT.TTT.......T.......TTT.TTTTTTTTTTTTTTT.......TTTTTTTTTTTT
T.............TTTTT.............TTTTTTTTT.T.........TTTTTTTTTTT.................TTTTTTT.........TTT.....T.......T.....T.........TTT.....TTT.........T.....TTT.T.............T.......TTTTTTT...TTT...........T.......TTT.......TTTTT...........TTTTTTTTTTTT
T.............TTTTT.............TTTTTTTTT.T.........TTTTTTTTTTT.................TTTTTTT.........TTT.....T.......T.....T.........TTT.....TTTTTTTTT.TTTTTTTTTTT.TTT...........T.......TTTTTTT.TTTTTTTTT.......T.......TTT.....T.TTTTT.TTT.......TTTTTTTTTTTT
T.............TTTTT.............T.........T...................T.................TTT.............TTT.............T...............TTT.....TTTTTTT.....TTTTTTTTT...T...........T.......TTTTT...TTTTTTTTT.......T.......TTT.....T.......TTT.......TTTTTTTTTTTT
T.............TTTTT.TTT.TTT.TTT.T.TTTTTTTTT.........TTTTTTTTT.T.TTTTTTT.TTTTTTT.TTT.TTT.........TTT.....T.......T.....TTTTTTT.TTTTT.....TTTTTTT.....TTTTTTTTTTT.T.TTTTTTTTTTT.......TTTTT.TTTTTTTTTTT.......T.......TTT.....T.......TTTTT.T.TTTTTTTTTTTTTT
T...................TTT.....TTT...TTTTTTTTT.........TTTTTTTTT...........TTTTTTT.....TTT.........TTT...................TTTTTTT...........TTTTTTT.....TTTTTTTTTTT...TTTTTTTTTTT.............TTTTTTTTTTT...............TTT.....T.......TTTTT.T.TTTTTTTTTTTTTT
T.............TTTTTTTTT.....TTTTTTTTTTTTTTTTTTTTTTTTTTTTTTTTTTT.........TTTTTTTTTTTTTTTTTTT.TTT.TTT.....T.......T.....TTTTTTTTTTTTT.....TTTTTTT.....TTTTTTTTTTTTTTTTTTTTTTTTTTTTTTTTT.TTTTTTTTTTTTTTT.......T.......TTT.....T.......TTTTT.T.TTTTTTTTTTTTTT
T.............TTTTTTTTT.....TTTTTTTTTTTTTTTTTTTTTTTTTTTTTTT.............TTTTTTTTTTTTTTTTT.........T.....T.............TTTTTTTTTTTTT.....TTTTTTT.....TTTTTTTTTTTTTTTTTTTTTTTTTTTTT.....TTTTTTTTTTTTTTT.......T.......TTT.............TTTTT.T.......TTTTTTTT
TTTTTTTTTTTTTTTTTTTTTTT.....TTTTTTTTTTTTTTTTTTTTTTTTTTTTTTT.TTT.........TTTTTTTTTTTTTTTTT.........TTTTTTTTTTTTTTTTTTTTTTTTTTTTTTTTT.....TTTTTTT.....TTTTTTTTTTTTTTTTTTTTTTTTTTTTT.....TTTTTTTTTTTTTTTTTTT.TTTTT.TTTTTTT.....TTTTT.T.TTTTT.T.......TTTTTTTT
TTTTTTTTTTTTTTTTTTTTTTT.....TTTTTTTTTTTTTTTTTTTTTTTTT.......TTT.........TTTTTTTTTTTTTTTTT.........TTTTTTTTTTTTTTTTTTTTTTTTTTTTTTTTT.....TTTTTTT.....TTTTTTTTTTT...........TTTTT.....................TTTTT.........TTTTT.....T.........TTT.........TTTTTTTT
TTTTTTTTTTTTTTTTTTTTTTT.....TTTTTTTTTTTTTTTTTTTTTTTTT.......TTT.TTTTTTTTTTTTTTTTTTTTTTTTT.........TTTTTTTTTTTTTTTTTTTTTTTTTTTTTTTTT.....TTTTTTT.....TTTTTTTTTTT.......TTT.TTTTT.T.....TTT...........TTTTT.........TTTTTTTTTTT.........TTTTT.......TTTTTTTT
TTTTTTTTTTT.....TTTTTTT.....TTTTTTT...........TTTTTTT.......TTT.....TTTTTTTTTTTTTTTTTTTTT.........TTTTTTTTTTTTTTTTTTTTTTTTTTTTTTTTT.....TTTTTTT.....T.......TTT.......TTT.TTT...T.....TTT...........TTTTT.........TTTTTTTTTTT.........TTTTT.......T.....TT
TTTTTTTTTTT.....TTTTTTTTTTT.TTTTTTT...........TTTTTTT.......TTTTTTT.TTTTTTTTTTTTTTTTTTTTT.........TTTTTTTTTTTTTTTTTTTTTTTTTTTTTTTTTTT.TTTTTTTTT.....T.......TTT.......TTT.TTT.TTTTTTT.TTT...........TTTTT.........TTTTTTTTTTT.........TTTTT.......T.....TT
TTTTTTT.......................................TTTTTTT.......TTTTTTT.TTTTTTTTTTTTTTTTTTTTT.............TTTTTTTTTTTTTTTTTTTTTTT.........TTTTTTTTT.....T.......TTT.......TTT.....TTTTTTT...............TTTTT.........TTTTTTTTT...........TTTTT.............TT
TTTTTTT.TTT.....T...............TTT...........TTTTTTT.......TTTTTTT.TTTTTTTTTTTTTTTTTTTTT.........TTT.TTTTTTTTTTTTTTTTTTTTTTT.TTTTTTTTTTTTTTTTT.....T.......TTT.......TTTTT.T.TTTTTTTTTTTTTTTTT.TTTTTTTTT.........TTTTTTTTT.TTT.TTTTTTTTTTT.......T.....TT
TTTTT...TTT.....................TTT...........TTTTTTT.......TTTTTTT.TTTTTTTTTTTTTTTTTTT...........TTT.TTTTTTTTTTTTTTTTTTTTTTT.TTTTTTTTTTTTTTTTT.....T.........T.......T.....T.T...TTTTTTTTTTTTT.TTTTTTTTT.......................TTTTTTTTTTT.............TT
TTTTT.TTTTTTTTTTT...............TTT...........TTTTTTT.......TTTTTTT.TTTTTTTTTTTTTTTTTTT.T.........TTT.TTTTTTTTTTTTTTTTTTTTTTT.TTTTTTTTTTTTTTTTTTTTTTT.......T.T.......T.TTTTT.T.T.TTTTTTTTTTTTT.TTTTTTTTT.........T...........TTTTTTTTTTTTT.......T.....TT
TTT.....TTTTTTTTT...............TTT...........TTTTTTT.........................TTT.......T...........T.......TTTTTTT...............TTTTTTTTTTTTTTTTTTT.......T.T.......T.TTTTT...T.................TTTTTTT.........T...........TTTTTTTTTTTTT.......T.....TT
TTT.....TTTTTTTTT.T.TTTTTTTTTTTTTTT...........TTTTTTT.......T.................TTT.......TTTTTTTTTTT.T.......TTTTTTT...............TTTTTTTTTTTTTTTTTTTTT.TTTTT.T.T.TTTTT.TTTTTTTTT.TTTTT...........TTTTTTT.........T...........TTTTTTTTTTTTTTTTTTTTT.....TT
TTT...............T.TTTTTTTTTTTTT.............TTTTTTT.........................TTT.......TTTTTTTTTTT.........TTTTTTT...............TTTTTTTTTTTTTTTTTTT.............TTT...TTTTTTTTT.TTTTT...........TTTTTTT.........T...........TTTTTTTTTTTTTTTTTTTTT.....TT
TTT.....TTTTTTTTTTT.TTTTTTTTTTTTT.TTTTT.TTTTTTTTTTTTTTT.TTTTT.................TTT.......TTTTTTTTTTTTT.......TTTTTTT...............TTTTTTTTTTTTTTTTTTT.............TTT.TTTTTTTTTTT.TTTTT...........TTTTTTTTTTTTTTTTTTT.TTTTT.TTTTTTTTTTTTTTTTTTTTTTT.....TT
TTT.....TTTTTTTTTTT.TTTTTTTTTTT.........TTTTTTT.........TTTTT...........................TTTTTTTTTTTTT.......TTTTTTT...............T...T.......TTTTTTT.............TTT.TTT.........................TTTTTTTTTTTTTTTTT...TTT...TTTTTTTTTTTTTTTTTTTTTTT.....TT
TTT.....TTTTTTTTTTT.TTTTTTTTTTT.....TTTTTTTTTTT.........TTTTTTTTTTTTTTTTTTTTT.TTTTTTTTT.TTTTTTTTTTTTT.......TTTTTTT...............T.T.T.......TTTTTTT.............TTT.TTT.........TTTTT...........TTTTTTTTTTTTTTTTT.TTTTT.TTTTTTTTTTTTTTTTTTTTTTTTT.....TT
TTT.....TTTTTTTTT...........TTT.....TTTTTTTTTTT...............TTTTTTTTTTTTTTT.TTTTTTTTT...TTTTTTTTTTT.......TTTTTTT.................T.........TTTTTTT.............TTT.TTT.........TTTTT...........TTTTTTTTTTTTT...........TTTTTTTTTTTTTTTTTTTTTTTTT.....TT
TTT.....TTTTTTTTT...........TTT.....TTTTTTTTTTT.........TTTTT.TTTTTTTTTTTTTTT.TTTTTTTTTTT.TTTTTTTTTTTTTTTTTTTTTTTTTTTTTTTTT.TTT.TTTTTTT.......TTTTTTT.............TTT.TTT.........TTTTT...........TTTTTTTTTTTTT...........TTTTTTTTTTTTTTTTTTTTTTTTT.T.TTTT
TTT.....TTTTTTTTT...........TTT.....TTTTTTTTTTT.........TTTTT.TTTTTTTTTTTTTTT.TTTTTTTTTTT...TTTTTTTTTTTTTTTTTTTTTTTTTTTTTTT.......TTTTT...........................T...TTT.........TTTTT...........TTTTTTTTTTTTT...................TTTTTTTTTTT.......T.TTTT
TTTTTTTTTTTTTTTTT...........TTT.TTTTTTTTTTTTTTT.........TTTTT.TTTTTTTTTTTTTTT.TTTTTTTTTTTTT.TTTTTTTTTTTTTTTTTTTTTTTTTTTTTTT.......TTTTT.......T.....TTTTTTTTTTT.TTT.TTTTT.........TTTTTTTTT.TTTTTTTTTTTTTTTTTTT...........TTT.....TTTTTTTTTTT.......T.TTTT
TTTTTTTTTTTTTTTTT...........TTT.........TTTTTTT.........TTTTT.TTTTTTTTTTT...........TTT.............TTTTT.........................TTTTT.......T.....TTTTTTTTTTT.....TTTTT.........TTTTTTTTT.TTTTTTTTTTT.....TTT.............T.....TTTTTTTTTTT.........TTTT
TTTTTTTTTTTTTTTTT...........TTT.........TTTTTTTTTTTTTTTTTTTTT.TTTTTTTTTTT...........TTT.T...........TTTTT...............TTT.......TTTTT.......T.....TTTTTTTTTTT.....TTTTTTTTTTT.TTTTTTTTTTT.TTTTTTTTTTT.....TTT...........T.T.....TTTTTTTTTTT.......TTTTTT
TTTTTTTTTTTTTTTTT...........TTT.........TTTTTTT.........T.....TTTTTTTTTTT...............T...........TTTTT...............TTT.......TTTTT.......T.....TTTTTTTTTTT.....TTTTTTTTTTT.TTTTTTTTTTT.TTTTTTTTTTT.....TTT...........T.......TTTTTTTTTTT.......TTTTTT
TTTTTTTTTTTTTTTTT...........TTT.........TTTTTTT.........T.....TTTTTTTTTTT...........TTTTT...........TTTTT...............TTT.TTTTTTTTTTT.......T.....TTTTTTTTTTT.....TTTTTTTTTTT.TTTTTTTTTTT.TTTTTTTTTTT.....TTT...........TTTTTTTTTTTTTTTTTTT.......TTTTTT
TTTTTTTTTTTTTTTTT...........TTT.........TTT.............T.....TTTTTTTTTTT...........TTTTT...........TTTTT...............T...TTTTTTTTTTT.......T.....TTTTTTTTTTT.....TTTTT.......TTTTTTTTTTT.................TTT...........TTTTTTTTTTTTTTTTTTT.......TTTTTT
TTTTTTTTTTTTTTTTT...........TTTTTTTTT.TTTTT.TTT.........T.....TTTTTTTTTTTTTTTTTTTTTTTTTTT...........TTTTT...............T.TTTTTTTTTTTTT.......TTTTTTTTTTTTTTTTT.....TTTTT.....TTTTTTTTTTTTT.....TTTTTTT.....TTT...........TTTTTTTTTTTTTTTTTTT.......TTTTTT
TTT.........TTTTT...........TTTTTTTTT...TTT.TTT.................TTTTTTTTTTTTTTTTTTTTTTT.............TTTTT.....................T.......T.......TTTTTTTTTTTTTTTTT.....TTTTT.....TTTTTTTTTTTTT.....TTTTTTT.....T.............TTTTTTTTTTTTTTTTTTT.......TTTTTT
TTT.........TTTTT...........TTTTTTTTTTT.TTT.TTT.........TTTTTTT.TTTTTTTTTTTTTTTTTTTTTTT.TTTTTTTTTTTTTTTTT...............T.....T.......TTTTTTT.TTTTTTTTTTTTTTTTT.....TTTTT.....TTTTTTTTTTTTT.....TTTTTTT.....T.TTTTT.TTTTTTTTTTTTTTTTTTTTTTTTTTTTTTTTTTTTTT
TTT.........TTTTT...........TTTTTTTTTTT.....TTT.............TTT...TTTTTTTTTTTTTTT.......TTTTTTTTTTTTTTTTT...............T.....T.......TTTTTTT...TTTTTTTTTTTTTTT.....TTTTT.....TTTTTTTTTTTTT.....TTTTTTT...................TTTTT.......TTTTTTTTTTTTTTTTTTTT
TTT.........TTTTTTT.TTT.TTTTTTTTTTTTTTTTTTTTTTT.........TTT.TTTTT.TTTTTTTTTTTTTTT.TTTTTTTTTTTTTTTTTTTTTTTTT.TTTTTTTTTTTTT.....T.......TTTTTTTTT.TTTTTTTTTTTTTTT.....TTTTT.....TTTTTTTTTTTTT.....TTTTTTTTTTTTT.......TTTTT.TTTTT.......TTTTTTTTTTTTTTTTTTTT
TTT.........TTT.....TTT.TTTTTTTTTTTTTTTTTTTTTTT.........TTT.T...........TTT.......TTTTTTTTTTTTTTTTTTTTTTTTT.....TTTTTTTTT.....T.......TTTTTTTTT.....TTTTTTTTTTT.....TTTTT.....TTTTTTTTTTTTT.....TTTTTTTTTTTTT.......TTT.......T.......TTTTTTTTT.....TTTTTT
TTT.........TTT.TTTTTTT.TTTTTTTTTTTTTTTTTTTTTTT.........TTT.T...........TTT.......TTTTTTTTTTTTTTTTTTTTTTTTTTTTT.TTTTTTTTT.....T.......TTTTTTTTTTTTT.TTTTTTTTTTT.....TTTTT.....TTTTTTTTTTTTT.....TTTTTTTTTTTTT.......TTT.......T.......TTTTTTTTT.....TTTTTT
TTT.............TTTTTTT...TTTTTTTTTTTTTTTTTTTTT.........TTT.............TTT.......TTTTTTTTT.......TTTTTTTTTTTTT.TTTTTTTTT.....T.......TTTTT.......T.......TTTTT.....TTTTT...........TTTTT.......TTTTTTTTTTTTT.......TTT...............TTTTTTTTT.....TTTTTT
TTTTTTTTTTT.TTTTTTTTTTTTT.TTTTTTTTTTTTTTTTTTTTT.........TTTTT...........TTT.......TTTTTTTTT.TTTTT.TTTTTTTTTTTTT.TTTTTTTTT.....T.......TTTTT.......TTTTTTT.TTTTT.TTT.TTTTT.TTTTTTTTT.TTTTT.TTTTTTTTTTTTTTTTTTT.......TTT.......T.......TTTTTTTTT.....TTTTTT
TTTTTTTTTTT.....TTTTTTTTT.........TTTTTTTTTTTTT.........TTTTT...........TTT.......TTTTTTT...TTTTT.TTTTTTTTT.....TTTTTTTTT.............TTTTT.......TTT.......TTT...T.TTTTT.TTTTTTTTT...T.....TTTTTTTTTTTTTTTTT.......TTT...............TTTTTTTTT.....TTTTTT
TTTTTTTTTTTTTTT.TTTTTTTTT.........TTTTTTTTTTTTT.........TTTTTTTTTTTTT.TTTTT.......TTTTTTT.TTTTTTT.TTTTTTTTT.....TTTTTTTTT.....TTTTTTT.TTTTT.......TTT.......TTTTT.T.TTTTT.TTTTTTTTT.T.T.....TTTTTTTTTTTTTTTTT.......TTT.......T.TTTTT.TTTTTTTTT.....TTTTTT
TTTTTTTTTTTTTTT.TTTTTTTTT.........TTTTTTTTTTTTT.........TTTTTTTTTTTTT.............TTTTTTT...TTTTT...............TTTTTTTTT.....TTT.......TTT.......TTT.......TTT...........TTT.......T.......TTTTTTTTTTTTTTTTT.................T.....................TTTTTT
TTTTTTTTTTTTTTT.TTTTTTTTT.........TTTTTTTTTTTTTTTTT.TTT.TTTTTTTTTTTTTTT.TTT.......TTTTTTTTT.TTTTTTTTTTTTTTT.....TTTTTTTTT.....TTT.......TTT.......TTT.......TTT...........TTT.......TTT.....TTTTTTTTTTTTTTTTT.......TTT.......TTTTTTT.........T.....TTTTTT
TTTTTTTTTTTTTTT.TTTTTTTTT.........TTTTTTT.....T.....TTT.............TTT.T.........TTT...........TTTTTTTTTTT.....TTTTTTTTT.....TTT.......TTT.......TTT.......TTT...........TTT.......TTT.....TTTTTTTTTTTTTTTTT.......TTT.......TTTTTTT.........T.....TTTTTT
TTTTTTTTTTTTTTT.TTTTTTTTT.........TTTTTTT.TTT.T.....TTT.....TTTTTTT.TTT.T.TTT.TTTTTTT...........TTTTTTTTTTT.....TTTTTTTTT.TTTTTTT.......TTTTT.T.TTTTT.......TTT...........TTT.......TTT.....TTTTTTTTTTTTTTTTT.......TTT.......TTTTTTT.........T.TTTTTTTTTT
TTTTTTTTTTT.....TTT...............TTTTT...TTT...............TTTTTTT.TTT.T.........TTT...........TTTTTTTTTTT.....TTTTTTT.....TTTTT.......T...................TTT...........TTT.......TTT.............T...............TTT.......TTTTTTT...........TTTTTTTTTT
TTTTTTTTTTT.TTTTTTT.....TTTTTTT.TTTTTTT.TTTTTTT.....TTT.....TTTTTTT.TTT.T.T.......TTT...........TTTTTTTTTTTTT.TTTTTTTTT.....TTTTT.TTTTTTT.........TTT.......TTT...........TTT.......TTT.....TTTTTTT.T.TTTTTTTTT.TTTTTTTTTTTTTTTTTTTTT.........TTTTTTTTTTTT
TTTTTTTTTTT.TTTTTTT.....TTT.....TTTTTTT.TTTTTTT.....TTT.....TTTTT.........T.......TTT...........T...TTT.......TTTTTTTTT.....T.......TTTTT.........TTT.......TTT...........TTT...............TTTTT...............TTTTTTTTT.....TTTTTTT.........TTTTTTTTTTTT
TTTTTTTTTTT.TTTTTTT.....TTT.TTTTTTTTTTT.TTTTTTT.TTTTTTTTTTTTTTTTT.........T.......TTT...........T.T.TTT.......TTTTTTTTT.....T.......TTTTT.........TTT.......TTT...........TTT.......TTT.....TTTTT.............TTTTTTTTTTT.....TTTTTTTTTTTTTTT.TTTTTTTTTTTT
TTT...........TTTTT.........TTTTTTTTTTT.............TTTTTTTTTTTTT.........T.........T.............T...........TTTTTTTTT.............TTTTT.....................T...........TTT.......TTT.....TTTTT.............TTTTTTTTTTT.....TTTTTTTTTTTTTTT...TTTTTTTTTT
TTT...........TTTTT.....TTTTTTTTTTTTTTT.............TTTTTTTTTTTTT.........T.......T.T...........TTTTTTT.......TTTTTTTTT.....T.......TTTTT.........TTT.......T.T...........TTT.......TTTTTTTTTTTTT.............TTTTTTTTTTT.....TTTTTTTTTTTTTTTTT.TTTTTTTTTT
TTT...........TTTTT...............TTTTT.............TTTTTTTTTTTTT.........T.......T.............TTTTTTT.......TTTTTTTTT.....T.......TTTTT.........TTT.......T.............TTT.......TTTTTTTTTTTTT.............TTTTTTTTTTT.....TTTTTTTTTTTTTTTTT.T.......TT
TTT...........TTTTT.....T.........TTTTT.............TTTTTTTTTTTTTTTTTTTTTTT.......TTTTTTT.T.TTTTTTTTTTT.......TTTTTTTTT.....T.......TTTTTTTTT.TTTTTTT.......TTT...........TTT.......TTTTTTTTTTTTT.............TTTTTTTTTTT.....TTTTTTTTTTTTTTTTT.T.......TT
TTT...........TTTTT.....T...........TTT.............TTTTTTTTTTTTTTTTTTTTTTT.......TTTTTTT.T...................TTTTT.................TTTTT.........TTT.......TTT...........TTT.......TTTTTTTTTTTTT.............TTTTT...........T.....T...........T.......TT
TTT...........TTTTT.....T.........T.TTT.............TTTTTTTTTTTTTTTTTTTTTTT.......TTTTTTT.TTTTT.......T.TTTTTTTTTTT.TTT.....T.......TTTTT.T.......TTT.......TTTTTTTTTTT.TTTTT.TTT.TTTTTTTTTTTTTTT.............TTTTT.....T.....T.....T...........T.......TT
TTT...............................T.................TTTTTTTTTTTTTTTTTTTTT.........TTTTTTT.TTTTT.......T.TTTTTTTTT...........T.......TTTTT.T.......TTT.......TTTTTTTTT...TTT.........TTTTTTTTTTTTT.......................T...........T...........T.......TT
TTT...........TTTTT.....T.........TTTTT.............TTTTTTTTTTTTTTTTTTTTT.TTTTT.TTTTTTTTT.TTTTT.......T.TTTTTTTTT.....TTTTT.T.TTTTT.TTTTT.T.......TTT.TTTTTTTTTTTTTTT.TTTTT.........TTTTTTTTTTTTT.............TTTTT.....TTTTTTT.....T...........T.......TT
TTT.............TTT.....T.........TTTTT.................TTTTTTTTTTTTTTTTT.....T.........................TTTTTTTTT.....TTT.........T.......T.......TTT...TTTTTTTTTTTTT.....T.........TTTTTTTTTTTTT.............TTTTT.....TTTTTTT.....T...................TT
TTT...........T.TTTTTTTTT.........TTTTT.............TTT.TTTTTTTTTTTTTTTTT.....T.............TTT.......TTTTTTTTTTT.....TTT.........T.......TTTTT.TTTTTTT.TTTTTTTTTTTTTTTTT.T.........TTTTTTTTTTTTT.............TTTTT.....TTTTTTT.....T...........TTT.TTT.TT
TTT...........T...TTTTTTT.........TTTTT.............TTT.TTT...TTTTTTTTTTT.....T.............TTT.......TTTTTTTTTTT.....TTT.........T.......TTTTT.TTTTTTT.TTTTTTTTTTTTTTTTT...........T.........TTT.................T.....TTTTTTT.................TTT.....TT
TTT...........TTT.TTTTTTT.........TTTTT.TTTTTTTTTTTTTTT.TTT.T.TTTTTTTTTTT.....T.............TTT.......TTTTTTTTTTT.....TTT.........T.......TTTTT.TTTTTTT.TTTTTTTTTTTTTTTTTTT.........T.........TTTTTTTTTTTTTTTTTTT.T.....TTTTTTT.....TTTTTTTTTTT.TTT.....TT
TTT...........TTT.................TTTTT.TTTTTTTTTTTTT.......T...............................TTT.......TTTTTTTTTTT.....TTT...................TTT.TTTTTTT.....TTTTTTTTTTTTTTT...................TTTTTTTTTTTTTTTTT...T.....TTTTTTT.....TTTTTTTTT...TTT.....TT
TTT...........TTTTTTTTTTT.........TTTTT.TTTTTTTTTTTTT.......TTT.......TTT.....T.............TTTTTTTTTTTTTTTTTTTTTTTTTTTTT.........T.......T.TTT.TTTTTTTTTTT.TTTTTTTTTTTTTTTTTTTTTTTTT.........TTTTTTTTTTTTTTTTT.TTTTTTT.TTTTTTT.....TTTTTTTTT.TTTTT.....TT
TTT...........TTTTTTTTTTT.........TTTTT...TTTTTTTTTTT.......TTT.......TTT.....T.............TTTTTTTTTTTTTTTTTTTTTTTTTTTTT.........T.......T.........TTTTTTT.............TTTTTTTTTTTTT.........TTTTTTTTTTTTTTT...TTTTT.......TTT.....TTTTTTTTT.TTTTT.....TT
TTTTTTTTT.TTT.TTTTTTTTTTTTTTTTTTT.TTTTTTT.TTTTTTTTTTT.......TTT.......TTTTT.TTT.............TTTTTTTTTTTTTTTTTTTTTTTTTTTTTTT.TTT.TTTTTTTTTTT.........TTTTTTT.........TTT.TTTTTTTTTTTTT.........TTTTTTTTTTTTTTT.TTTTTTT.......TTT.....TTTTTTTTT.TTTTT.TTTTTT
TTTTTTTTT.TTT...TTTTTTTTTTTTTTTTT.........TTTTTTTTTTT.......TTT.......TTTTT.TTT.............TTTTTTTTTTTTT.......TTT.............TTT...TTTTT.........TTTTTTT.........TTT.TTTTTTTTTTTTT.........TTTTTTTTTTTTTTT.TTTTTTT...............TTTTT.............TTTT
TTTTTTTTT.TTTTT.TTTTTTTTTTTTTTTTTTT.....TTTTTTTTTTTTT.......TTT.......TTTTT.TTT.............TTTTTTTTTTTTT.......TTT.............TTT.T.TTTTT.........TTTTTTT.........TTT.TTTTTTTTTTTTT.........TTTTTTTTTTTTTTT.TTTTTTT.......TTT.....TTTTT.............TTTT
TTTTTTTTT...TTT.TTTTTTTTTTTTTTTTTTT.....TTTTTTT...T.........TTT.......TTTTT.TTT.............TTTTTTTTTTTTT.......TTT.............TTT.T.TTTTT.........TTT.............TTT.......................................TTTTTTT.......TTT.....TTTTT.............TTTT
TTTTTTTTTTT.TTT.TTTTTTTTTTTTTTTTTTT.....TTTTTTT.T.T.T.......TTTTT.TTTTTTTTT.TTTTT.TTTTTTT.TTTTTTTTTTTTTTT.......TTT.............TTT.T.TTTTT.TTTTTTTTTTT.TTT.TTTTTTTTTTT...........TTTTTTTTT.TTT...........TTTTTTTTTTT.......TTT.....TTTTT.............TTTT
TTTTTTTTT.........TTTTTTTTTTTTTTTTT.......TTTTT.T...T.......TTT.............TTTTT.TTTTTTT...............T.......TTT.................T.......TTTTTTTTTTT.........TTTTTTT...........TTTTTTTTT.TTT...........TTTTTTTTTTT...............TTTTT.............TTTT
TTTTTTTTT.........TTTTTTTTTTTTTTTTT.....T.TTTTT.TTTTT.......TTT...........TTTTTTT.TTTTTTT...............T.......TTT.............TTTTT.......TTTTTTTTTTT.........TTTTTTT...........TTTTTTTTT.TTT...........TTTTTTTTTTT.......TTT.....TTTTT.............TTTT
TTTTTTTTT.................TTTTTTTTT.....T.......TTTTT.......TTT...............T...TTTTTTT...............T.......TTT.............TTTTT.......TTTTTTTTTTT.........TTTTTTT.............TTT.....TTT...........TTTTTTTTTTT.......TTT.....TTTTT.............TTTT
TTTTTTTTT.........T.......TTTTTTTTTTTTTTTTTTTTTTTTTTT.......TTT...........TTT.T.TTTTTTTTT...............T.......TTT.............TTTTT.......TTTTTTTTTTT.........TTTTTTTTTTTTTTTTTTT.TTT.TTTTTTT...........TTTTTTTTTTTTTTTTTTTTT.....TTTTT.............TTTT
TTTTTTTTT.................TTTTTTTTTTTTTTTTTTTTTTTTTTT.....................TTT...TTTTTTTTT.......................TTT.............TTTTT.......TTTTTTTTTTT.........TTTTTTTTTTTTTTTTTTT.....TTTTTTT...........TTTTTTTTTTTTTTTTTTTTT.......................TTTT
TTTTTTTTT.........T.......TTTTTTTTTTTTTTTTTTTTTTTTTTT.......TTT...........TTTTTTTTTTTTTTT...............T.......TTTTTTTTTTTTTTTTTTTTT.......TTTTTTTTTTT.........TTTTTTTTTTTTTTTTTTTTTTTTTTTTTTT...........TTTTTTTTTTTTTTTTTTTTT.....TTTTTTTTTTTTTTTTTTTTTT
TTTTTTTTT.........T.......TTTTTTTTTTTTTTTTTTTTTTTTTTT.......TTT...........TTTTTTTTTTTTTTT...............T.......TTTTTTTTTTTTTTTTTTTTT.......TTTTTTTTTTT.........TTTTTTTTTTTTTTTTTTTTTTTTTTTTTTT...........TTTTTTTTTTTTTTTTTTTTT.....TTTTTTTTTTTTTTTTTTTTTT
TTTTTTTTTTTTTTTTTTTTTTTTTTTTTTTTTTTTTTTTTTTTTTTTTTTTTTTTTTTTTTTTTTTTTTTTTTTTTTTTTTTTTTTTTTTTTTTTTTTTTTTTTTTTTTTTTTTTTTTTTTTTTTTTTTTTTTTTTTTTTTTTTTTTTTTTTTTTTTTTTTTTTTTTTTTTTTTTTTTTTTTTTTTTTTTTTTTTTTTTTTTTTTTTTTTTTTTTTTTTTTTTTTTTTTTTTTTTTTTTTTTTTTTTTT
TTTTTTTTTTTTTTTTTTTTTTTTTTTTTTTTTTTTTTTTTTTTTTTTTTTTTTTTTTTTTTTTTTTTTTTTTTTTTTTTTTTTTTTTTTTTTTTTTTTTTTTTTTTTTTTTTTTTTTTTTTTTTTTTTTTTTTTTTTTTTTTTTTTTTTTTTTTTTTTTTTTTTTTTTTTTTTTTTTTTTTTTTTTTTTTTTTTTTTTTTTTTTTTTTTTTTTTTTTTTTTTTTTTTTTTTTTTTTTTTTTTTTTTTTT
