type octile
height 70
width 100
map
TTTTTTTTTTTTTTTTTTTTTTTTTTTTTTTTTTTTTTTTTTTTTTTTTTTTTTTTTTTTTTTTTTTTTTTTTTTTTTTTTTTTTTTTTTTTTTTTTTTT
TTTTTTTTTTTTTTTTTTT.......TTTTTTTTT.......................TTTTT...TTTTTTTTTTTTTTTTTTTTTTTTTTTTTTTTTT
TTTTTTTTTTTTTTTTTTT.......TTTTTTTTT.TTTTTTTTTTTTTTTTTTTTT.TTTTT.T.TTTTTTTTTTTTTTTTTTTTTTTTTTTTTTTTTT
TTTTTTTTT.........T.......T.........TTTTTTT.............T.......T...........T...T.........TTTTTTTTTT
TTTTTTTTT.........T.......T.......TTTTTTTTT.............TTTTTTTTTTTTTTTTTTT.T.T.T.TTTTTTT.TTTTTTTTTT
TTTTTTTTT.........T...............TTTTTTTTT.............TTT.........TTTTTTT...T.....TTTTT.....TTTTTT
TTTTTTTTT.........TTTTT.TTT.......TTTTTTTTT.............TTT.........TTTTTTTTTTT.....TTTTT.....TTTTTT
TTTTTTTTT.........TTT...TTT.......TTTTTTTTT...............T.........TTTTTTTTTTT.....TTTTT.....TTTTTT
TTTTTTTTT.........TTT.TTTTT.......TTTTTTTTT.............T.T.........TTTTTTTTTTT.....TTTTT.....TTTTTT
T.......T.................T.......TTTTTTTTT.............T...........TTTTTTTTTTT.....TTTTT.....TTTTTT
T.......T.TTTTTTTTT.......TTTTTTTTTTTTTTTTT.TTTTTTTTTTTTTTT.........TTTTTTTTTTT.TTTTTTTTT.....TTTTTT
T.........TTTTTTTTT.......TTTTTTTTTTTTT...........TTTTTTTTT.........TTTTTTTTTTT.....TTTTT.....TTTTTT
T.......TTTTTTTTTTT.......TTTTTTTTTTTTT...........TTTTTTTTT.........TTTTTTTTTTTTTTT.TTTTT.....TTTTTT
T.......TTTTTTTTTTT.......TTTTTTTTTTTTT...........TTTTTTTTT.........TTTTTTTTTTTTTTT.....T.....TTTTTT
T.......TTTTTTTTTTT.......TTTTTTTTTTTTT...........TTTTTTTTT.........TTTTTTTTTTTTTTT.....T.....TTTTTT
T.......TTTTTTTTTTT.......TTTTTTTTTTTTT...........TTTTTTTTT.........T.........TTTTT.....T.....TTTTTT
TTTTT.TTTTTTTTTTTTT.......TTTTTTTTTTTTT...........TTTTTTTTT.........T.........TTTTT.....T.....TTTTTT
TTTTT.T...........T.......TTTTTTTTTTTTT...........TTTTTTTTT...................TTTTT...........TTTTTT
TTTTT.T...........T.......TTTTTTTTTTTTT...........TTTTTTTTT.........T.........TTTTT.....TTTTT.TTTTTT
T.....T...........T.......TTTTTTTTTTTTT...........TTTTTTTTT.........T.........TTTTT.....TTTTT.TTTTTT
T.TTTTT...........T.......TTTTTTTTTTTTT...........TTTTTTTTTTT.TTTTTTT.........TTTTT.TTTTTTTTT.TTTTTT
T...TTT...........T.......TTTTTTTTTTTTT...........TTTTTTT.....TTTTTTT...............TTTTTTTTT.TTTTTT
TTT.TTT...........T.......TTTTTTTTTTTTT...........TTTTTTT.TTTTTTTTTTTTTTTTTTTTTTT.TTTTTTTTTTT.TTTTTT
TTT...T...................TTTTTTTTTTTTT...........TTTTTTT...........TTTTTTTTTTTTT.TTTTTTTTTTT.TTTTTT
TTTTT.T...........TTTTTTTTTTTTTTTTTTTTT...........TTTTTTT...........TTTTTTTTTTTTT.TTTTTTTTTTT.TTTTTT
T.....T...........TTTTTTTTT...T...................TTTTTTT...........TTTTTTTTTTTTT.TTTTTTT.....TTTTTT
T.TTTTT...........TTTTTTTTT.T.T.......T...........TTTTTTT...........TTTTTTTTTTTTT.TTTTTTT.TTTTTTTTTT
T.TTTTT.............TTT.....T.T.......T...........TTTTTTT...........TTTTTTTTTTTTT.TTTTT...TTTTTTTTTT
T.TTTTT.TTTTTTTTTTT.TTT.TTTTT.T.......T...........TTTTTTT...........TTTTTTTTTTTTT.TTTTT.TTTTTTTTTTTT
T.TTTTT.TTTTTTTTTTT.TTT.TTTTT.........T...........TTTTTTT...........TTTTTTTTT...............TTTTTTTT
T.TTTTT.TTTTTTTTTTT.TTT.TTTTTTTTTTTTTTTTTTTTTTTTTTTTTTTTT...........TTTTTTTTT.........T.....TTTTTTTT
T...........TTTTTTT.......TTTTTTTTTTTTTTT.....TTTTTTTTTTT...........TTTTTTTTT.........T.........TTTT
T...........TTTTTTTTTTTTT.TTTTTTTTTTTTTTT.TTT.TTTTTTTTTTTTT.TTTTTTTTTTTTTTTTT.........T.....TTT.TTTT
T...........TTTTTTTTTTT.......TTT.....TTT.TTT...TTTTTTTTTTT.TTTTTTTTTTTTTTTTT.........T.....TTT.TTTT
T...........TTTTTTTTTTT.......TTT.TTT.TTT.TTTTT.TTTTTTTTTTT.TTTTTTTTTTTTTTTTT.........TTTTTTTTT.TTTT
T...........TTTTTTTTTTT.......TTT.TTT.....TTTTT...TTTTTTT...TTTTTTTTTTTTTTTTT.........TTTTTTTTT.TTTT
TTT.TTTTTTTTTTTTTTTTTTT.......TTT.TTTTTTTTTTTTTTT.TTTTTTT.TTTTTTTTTTTTTTTTTTTTTTT.TTTTTTTTTTTTT.TTTT
TTT.TTTTTTTTTTTTTTTTTTT.......TTT.........TTTTTTT.........TTTTT.....TTTTTTTTTTT...TTTTTTTTTTT...TTTT
TTT.TTTTTTTTTTTTTTTTTTT.TTTTTTTTTTTTT.....TTTTTTTTTTTTTTTTTTTTT.....TTTTTTTTTTT.TTTTTTTTTTTTT.TTTTTT
TTT.TTTTTTTTTTTTTTT.....TTT.......TTT.....TTTTT...........TTTTT.....TTTTTTTTTTT.TTTTTTTTTTTTT.TTTTTT
TTT.TTTTTTTTTTTTTTT.TTTTTTT.TTTTT.TTT.....TTTTT.T.........TTTTT.....TTTTTTTTTTT.TTTTTTTTTTTTT.TTTTTT
TTT.TTTTTTTTTTTTT...T.......TTTTT...............T.........TTTTT.....TTTTTTTTTTT.TTTTTTTTT.....TTTTTT
TTT.TTTTTTTTTTTTT.TTT.TTTTTTTTTTTTTTTTTTTTTTT.TTT.........TTTTT.....TTTTTTTTTTT.TTTTTTTTT.TTTTTTTTTT
TTT...............TTT.TTTTT.....TTTTTTTTTTT...TTT.........TTTTT.........T.............TTT.TTTTTTTTTT
TTTTT...........TTTTT.TTTTT.....TTTTTTTTTTT.TTTTT.........TTTTT.TTTTTTT.T.............TTT.TTTTTTTTTT
T...............T.....TTTTT.....TTT.........TTTTT.........TTT.......TTT...............TTT.........TT
T.TTT...........T.TTTTTTTTT.....TTT.......TTTTTTT.........TTT.......TTTTT.............TTTTTTTTTTT.TT
T...T.............TTTTTTTTT...............TTTTTTT.........TTT.......TTTTT.............T...........TT
TTT.TTTTTTTTTTTTTTTTTTTTTTT.....TTT.......TTTTTTT.........TTT.......TTTTT.............T...........TT
TTT.TTTTTTTTTTTTT.....TTTTT.....TTT.......TTTTTTT...................TTTTT.............T...........TT
TTT.TTTTTTTTTTTTT.....TTTTTTT.TTTTT.......TTTTTTTTTTTTTTTTT.TTTTTTTTTTTTT.............T...........TT
TTT.TTTTTTTTTTTTT.............TTTTT.......TTTTTTTTTTTTTTTTT.TTTTTTTTTTTTT.............T...........TT
TTT.TTTTTTTTTTTTT.....TTTTTTTTTTTTTTTTTTTTTTTTTTTTTTTTTTTTT.TTTTTTTTTTTTTTTTTTT.TTTTTTT.TTTTTTTTT.TT
TTT.TTT...............TTTTTTTTTTTTTTTTTTTTTTTTTTTTTTTTTTT...TTTTTTTTTTTTTTTTTTT.TTTTTTT.TTTTTTT...TT
TTT.TTT.......TTTTTTTTTTTTTTTTTTTTTTTTTTTTTTTTTTTTTTTTTTT.TTTTTTTTTTTTTTTTTTTTT.TTTTTTT.TTTTTTT.TTTT
TTT...........T...TTTTTTTTTTTTTTTTTTTTTTTTTTTTTTTTTTTTT...TTT...........TTT.............TTTTTTT.TTTT
TTTTTTT.......T.T.TTTTTTTTTTTTTTTTTTTTTTTTTTTTTTTTTTTTT.TTTTT...........TTT.............TTTTTTT.TTTT
TTTTTTT.........T.........TTTTT.............TTTTTTTTTTT.TTTTT...........TTT.............TTT.......TT
TTTTTTT.......TTTTTTT.....TTTTT.............TTTTTTTTTTT.TTTTT...........TTT.............TTT.......TT
TTTTTTT.......TTTTTTT.....TTTTT.............T...........TTTTT...........TTT.............TTT.......TT
TTTTTTT.......TTTTTTT.....TTTTT.............T.......TTT.TTTTT...........TTT.............TTT.......TT
TTTTTTT.......TTTTTTT.....TTTTT.....................TTT.................TTT.......................TT
TTTTTTTTTTTTTTTTTTTTT.....TTTTT.............T.......TTTTTTTTTTTTTTTTT.TTTTTTTTTTTTTTTTTTTTT.......TT
TTTTTTTTTTTTTTTTTTTTT.........T.............T.......TTTTTTTTTTTTTTTTT...TTTTTTTTTTTTTTTTTTT.......TT
TTTTTTTTTTTTTTTTTTTTTTTTTTTTT.T.............T.......TTTTTTTTTTTTTTTTTTT.TTTTTTTTTTTTTTTTTTT.......TT
TTTTTTTTTTTTTTTTTTTTTTTTTTTTT.T.............T.......TTTTTTTTTTTTTTTTTTT.....TTTTTTTTTTT...T.......TT
TTTTTTTTTTTTTTTTTTTTTTTTTTTTT.T.............TTTTTTTTTTTTTTTTTTTTTTTTTTTTTTT.TTTTTTTTTTT.T.TTT.TTTTTT
TTTTTTTTTTTTTTTTTTTTTTTTTTTTT...............TTTTTTTTTTTTTTTTTTTTTTTTTTTTTTT.............T.....TTTTTT
TTTTTTTTTTTTTTTTTTTTTTTTTTTTTTTTTTTTTTTTTTTTTTTTTTTTTTTTTTTTTTTTTTTTTTTTTTTTTTTTTTTTTTTTTTTTTTTTTTTT
TTTTTTTTTTTTTTTTTTTTTTTTTTTTTTTTTTTTTTTTTTTTTTTTTTTTTTTTTTTTTTTTTTTTTTTTTTTTTTTTTTTTTTTTTTTTTTTTTTTT
