type octile
height 70
width 100
map
TTTTTTTTTTTTTTTTTTTTTTTTTTTTTTTTTTTTTTTTTTTTTTTTTTTTTTTTTTTTTTTTTTTTTTTTTTTTTTTTTTTTTTTTTTTTTTTTTTTT
TTTTTTTTTTTTTTTTTTTTTTTTTTTTTTTTTTT...........TTTTTTT...........TTTTTTTTTTTTTTTTTTTTTTTTT.......TTTT
TTTTTTTTTTTTTTTTTTTTTTTTTTTTTTTTTTT...........TTTTTTT...........TTTTTTTTTTTTTTTTTTTTTTTTT.......TTTT
TTTTTTTTTTTTTTTTTTTTTTTTTTTTTTTTTTT...........TTTTTTT...........TTTTTTTTTTTTTTTTTTTTTTTTT.......TTTT
TTTTTTTTTTTTTTTTTTTTTTTTTTTTTTTTTTT...........TTTTTTT...........TTTTTTTTTTTTTTTTTTTTTTTTT.......TTTT
TTT...........TTTTT...........TTTTT...........TTTTTTT...........TTTTTTTTTTTTTTTTTTTTTTTTT.......TTTT
TTT...........TTTTT...........TTTTT...........TTTTTTTTTTTTTTT.TTTTTTTTTTTTTTTTTTTTTTTTTTT.......TTTT
TTT...........TTTTT...........TTTTT.............TTTTTTTTTTTTT.....TTTTTTTTTTTTTTTTTTTTTTT.......TTTT
TTT...........TTTTT...........TTTTTTTTTTTTTTTTT.TTTTTTTTTTTTT.....TTTTTTTTTTTTTTTTTTTTTTT.......TTTT
TTT...........TTTTT...........TTTTTTTTTTTTTTTTT...TTTTTTTTTTT.....TTTTTTT.....TTTTTTTTTTT.......TTTT
TTT...........TTTTT...........TTTTTTTTTTTTTTTTTTT.TTTTTTTTTTT.....TTTTTTT.....TTTTTTTTTTTTT.TTTTTTTT
TTT...........TTTTT...........TTTTTTTTTTT...................T.....TTTTTTT.....TTT...........TTTTTTTT
TTT...........TTTTT...........TTTTTTTTTTT.................T.T.....TTTTTTT.....TTT.TTTTT.....TTTTTTTT
TTT...........TTTTT...........TTTTTTTTTTT.................T.......TTTTTTT.....TTT.TTTTT.....TTTTTTTT
TTTTTTTTTTT.TTTTTTT...........TTTTTTTTTTT.................TTT.....TTTTTTT.....TTT.TTTTT.....TTTTTTTT
TTTTTTTTTTT.TTTTTTT...........TTTTTTTTTTT.................TTT.....TTTTTTT.....TTT.TTTTT.....TTTTTTTT
TTTTTTTTTTT.TTTTTTT...........TTTTTTTTTTTTTTTTTTTTTTTTTTTTTTT.TTTTTTTTTTTTT.TTTTT.TTTTT.....TTTTTTTT
TTTTTTTTTTT.TTTTTTT...........TTT.....TTTTTTTTTTTTTTTTTTT.....TTTTTTT.............TTTTT.....TTTTTTTT
TTTTTTTTTTT.TTTTTTTTTTTTT.TTTTTTT.....TTTTTTTTTTTTTTTTTTT.TTTTTTTTTTT...........TTTTTTT.....TTTTTTTT
TTTTTTTTTTT.TTT...........TTTTTTT.....TTTTTTTTT...........TTTTTTTTTTT...........TTTTTTT.....TTTTTTTT
TTTTTTTTTTT.TTT.........TTTTTTTTT.....TTTTTTTTT...........TTTTTTTTTTT...........TTTTTTTTTTTTTTTTTTTT
T.......................TTTTTTT.......TTTTTTTTT.............TTT.................TTTTTTTTTTTTTTTTTTTT
T.........TTTTT.........TTTTTTT.T.....TTTTTTTTT...........T.TTT.TTTTTTTTTTTTTTTTTTTTTTTTTTTTTTTTTTTT
T.........TTTTT.................T.....TTTTTTTTT...........T.....TTTTTTTTTTTTTTTTTTTTTTT.........TTTT
T.........TTTTT.........T.TTTTTTTTTTTTTTTTTTTTT...........TTTTTTTTTTTTTTTTTTTTTTTTTTTTT.........TTTT
T.........TTTTT.........T.....TTTTTTTTTTTTTTTTT...........TTTTTTTTTTTTTTTTTTTTTTTTTTTTT.........TTTT
T.........TTTTT.........T.....TTTTTTTTTTTTTTTTT...........TTTTTTTTTTTTTTTTTTTTTTTTTTTTT.........TTTT
T.........TTTTT.........T.....TTTTTTTTTTTTTTTTT...........TTTTTTTTTTTTTTTTTTTTTTTTTTTTT.........TTTT
T.TTTTTTTTTTTTTTT.TTTTTTT.....TTTTTTTTTTTTTTTTTTTTT.TTTTTTTTTTTTTTTTTTTTTTTTTTTTTTTTTTT.........TTTT
T.........T...........TTT.....TTTTTTTTTTTTTTTTTTT...............TTTTTTTTTTTTTTTTTTTTTTT.........TTTT
T.........T...........TTTTTTT.TTTTTTTTTTTTTTTTTTT...............TTTTTTTTTTTTTTTTTTTTTTTTTTTTT.TTTTTT
T.........T...........TTTTTTT.TTT.........TTTTTTT...............TTTTTTT.........TTTTTTTTTTTTT.TTTTTT
T.........T...........TTTTTTT.TTT.........TTTTTTT...............TTTTTTT.........TTTTTTTTTTTTT.TTTTTT
T.........T...........TTTTTTT...T.........TTTTTTT...............TTTTTTT.........TTTTTTTTTTT...TTTTTT
TTTTTTTTTTTTTTTTTTTTTTTTTTTTTTT.T.........TTTTTTTTTTT.TTTTTTTTTTTTTTTTT.........TTTTTTTTTTT.TTTTTTTT
TTTTTTTTTTTTTTTTTTTTTTTTTTTTTTT...........TTTTTTTTT...TTTTTTTTTTTTTTTTT.........TTTTT...........TTTT
TTTTTTTTTTTTTTTTTTTTTTTTTTTTTTTTT.........TTTTTTTTT.TTTTTTTTTTTTTTTTTTT.........TTTTT...........TTTT
TTT.........TTTTTTTTTTTTTTTTTTTTT.........TTTTTTT.................TTTTT.........TTTTT...........TTTT
TTT.........TTTTTTTTTTTTTTTTTTTTT.........TTTTTTT.................TTTTT.........TTTTT...........TTTT
TTT.........TTTTTTTTTTTTTTTTTTTTT.........TTTTTTT...................TTT.........TTTTT...........TTTT
TTT.........TTTTTTTTTTTTTTTTTTTTTTTTTTT.TTTTTTTTT.................T.TTT.........TTTTT...........TTTT
TTT.........TTTTTTTTTTTTTTTTTTTTTTTTTTT.TTTTTTTTT.................T.............TTTTT...........TTTT
TTT.........TTTTTTTTTTTTTTTTTTTTTTTTTTT.TTTTTTTTT.................TTTTTTTTTTT.TTTTTTT...........TTTT
TTT.........TTTTTTTTTTTTTTTTTTTTTTT.....TTTTTTTTT.................TTTTTTTTTTT.TTTTTTT...........TTTT
TTT.........TTTTTTTTTTTTTTTTTTTTTTT.TTTTTTTTTTTTT.................TTTTTTTTTTT.TTTTTTTTT.TTTTTTTTTTTT
TTT.........TTTTTTTTTTTTTTTTTTTTTTT.TTTTTTTTTTTTT.................TTTTTTTTTTT.TTTTTTTTT.....TTTTTTTT
TTT.........TTTTTTTTTTTTTTTTTTTTTTT.TTTTTTTTTTTTTTTTTTT.TTTTTTTTTTTTTTTTTTTTT.TTTTTTTTT.....TTTTTTTT
T...........T.....TTT...............TTTTTTT.............TTTTTTTTTTTTTTTTTTTTT...............TTTTTTTT
T.TTTTTTTTTTT.....TTT.............TTTTTTTTT...........TTTTTTTTTTTTTTTTTTTTTTT.........T.....TTTTTTTT
T.........TTT.....TTT.....................T...........TTTTTTTTTTTTTTTTTTTTTTT.........T.....TTTTTTTT
TTT.......TTT.....TTT.............T.......T...........TTTTTTTTTTTTTTTTTTTTTTT.........T.....TTTTTTTT
TTT...............TTT.............T.......T...........TTTTT.....TTTTTTTTTTTTT.........T.....TTTTTTTT
TTT.......TTT.....TTT.............T.......T...........TTTTT.....TTTTTTTTTTTTTTTTTTTTTTT.....TTTTTTTT
TTT.......TTT.....TTT.............T.......T...........TTTTT.....TTTTTTTTTTTTTTTTTTTTTTT.....TTTTTTTT
TTTTTTTTTTTTTTT.TTTTTTT.TTTTTTTTTTT.......T...........TTTTT.....TTTTTTTTTTTTTTTTTTTTTTT.TTTTTTTTTTTT
TTTTTTTTTTTTTTT.TTTTTTT.T.......TTT.......T...........TTTTT.....TTTTTTTTTTTTTTTTTTTTT...TTTTTTTTTTTT
TTTTTTTTTTTTTTT.TTTTTTT.T.......TTT.......TTTTTTTTT.TTTTTTTTT.TTTTTTTTTTTTTTTTTTTTTTT.TTTTTTTTTTTTTT
TTTTT...................T.......TTT.......TTTTTTTTT.TTTTTTT.....TTTTTTTTTTTTTTTTTTTTT.TTTTTTTTTTTTTT
TTTTT.........T.........T.......TTT.......TTTTTTTTT.TTTTTTT.....TTTTTTTTTTTTTTTTTTTTT.TTTTTTTTTTTTTT
TTTTT.........T.........T.......TTT.............................TTTTTTT.....TTTTTTTTT.............TT
TTTTT.........T.........T.......TTT.......TTT.............T.....TTTTTTT.....TTTTTTTTT.............TT
TTTTT.........T.................TTT.......TTT.............T.....TTTTTTT.....TTTTTTTTT.............TT
TTTTT.........TTTTTTTTTTTTTTTTTTTTT.......TTT.............T.....TTTTTTT.....TTTTTTTTT.............TT
TTTTT.........TTTTTTTTTTTTTTTTTTTTT.......TTT.............T.................TTTTTTTTT.............TT
TTTTT.........TTTTTTTTTTTTTTTTTTTTTTTTTTTTTTT.............T.....TTTTTTT.....TTTTTTTTTTTTTTTTTTTTTTTT
TTTTT.........TTTTTTTTTTTTTTTTTTTTTTTTTTTTTTT.............T.....TTTTTTT.....TTTTTTTTTTTTTTTTTTTTTTTT
TTTTTTTTTTTTTTTTTTTTTTTTTTTTTTTTTTTTTTTTTTTTTTTTTTTTTTTTTTT.....TTTTTTT.....TTTTTTTTTTTTTTTTTTTTTTTT
TTTTTTTTTTTTTTTTTTTTTTTTTTTTTTTTTTTTTTTTTTTTTTTTTTTTTTTTTTT.....TTTTTTT.....TTTTTTTTTTTTTTTTTTTTTTTT
TTTTTTTTTTTTTTTTTTTTTTTTTTTTTTTTTTTTTTTTTTTTTTTTTTTTTTTTTTTTTTTTTTTTTTTTTTTTTTTTTTTTTTTTTTTTTTTTTTTT
TTTTTTTTTTTTTTTTTTTTTTTTTTTTTTTTTTTTTTTTTTTTTTTTTTTTTTTTTTTTTTTTTTTTTTTTTTTTTTTTTTTTTTTTTTTTTTTTTTTT
