type octile
height 50
width 50
map
TTTTTTTTTTTTTTTTTTTTTTTTTTTTTTTTTTTTTTTTTTTTTTTTTT
TTT.........TTTTTTTTTTTTTTTTTTTTTTTTTTTTTTTTTTTTTT
TTT.........TTTTTTTTTTTTTTTTTTTTTTTTTTTTTTTTTTTTTT
TTT.........TTT.......T...................TTTTTTTT
TTT.........TTT.......T...................TTTTTTTT
TTT.......................................TTTTTTTT
TTT.........TTT.......T...................TTTTTTTT
TTT.........TTT.......T...................TTTTTTTT
TTT.........TTTTTTTTTTT...................TTTTTTTT
TTT.........TTTTTTTTTTT...................TTTTTTTT
TTT.........TTTTTTTTTTT.TTTTTTTTTTTTTTTTTTTTTTTTTT
TTT.........TTTTTTTTTTT.......TTTTTTTTTTTTTTTTTTTT
TTT.........TTTTTTTTTTT.......TTTTTTTTTTTTTTTTTTTT
TTT.........TTTTTTTTTTT.......TTTTT.........TTTTTT
TTTTTTTTTTTTTTTTTTTTTTT.......TTTTT.........TTTTTT
TTTTTTTTTTTTTTT.......T.......TTTTT.........TTTTTT
TTTTTTTTTTTTTTT.......T.......TTTTT.........TTTTTT
TTTTTTT.......T...............TTTTT.........TTTTTT
TTTTTTT.......T.......TTTTTTTTTTTTT.........TTTTTT
TTTTTTT.......T.......TTTTTTTTTTTTT.........TTTTTT
TTTTTTT.......T.......TTTTTTTTTTTTTTTTT.TTTTTTTTTT
TTTTTTT...............TTTTTTTTTTTTTTTTT.TTTTTTTTTT
TTTTTTT.......T.......TTTTTTTTTTTTTTTTT.TTTTTTTTTT
TTTTTTT.......T.............T.................TTTT
TTTTTTT.......T.......T.....T.................TTTT
TTTTTTT.......T.......T.....T.................TTTT
TTTTTTT.TTTTTTT.......T.....T.................TTTT
TTTTTTT.TTTTTTT.......T.....T.................TTTT
TTTTTTT.TTTTTTTTTTTTTTT.....T.................TTTT
TTTTT.............TTTTT.....T.................TTTT
TTTTT.TTTTT.......TTTTT.....T.................TTTT
TTTTT.TTTTT.......TTTTT.......................TTTT
TTTTT.TTTTT.......TTTTTTTTTTT.................TTTT
TTTTT.TTTTT.......TTTTTTTTTTT.................TTTT
TTTTT.TTTTTTTTTTTTTTTTTTTTTTT.................TTTT
TTTTT.TTTTTTTTTTTTTTTTTTTTT...................TTTT
TTTTT.TTTTTTTTTTTTTTTTTTTTT.T.................TTTT
TTT...TTTTTTTTT.............T.................TTTT
TTT.TTTTTTTTTTT.............TTTTTTTTTTT.TTTTTTTTTT
T.....TTTTTTTTT.............TTTTT...........TTTTTT
T.....TTTTTTTTT.............TTTTT...........TTTTTT
T.....TTTTTTTTT.............TTTTT...........TTTTTT
T.....TTTTTTTTT.............TTTTT...........TTTTTT
T.....TTTTTTTTT.............TTTTT...........TTTTTT
T.....TTTTTTTTTTTTTTTTTTTTTTTTTTT...........TTTTTT
T.....TTTTTTTTTTTTTTTTTTTTTTTTTTT...........TTTTTT
TTTTTTTTTTTTTTTTTTTTTTTTTTTTTTTTT...........TTTTTT
TTTTTTTTTTTTTTTTTTTTTTTTTTTTTTTTT...........TTTTTT
TTTTTTTTTTTTTTTTTTTTTTTTTTTTTTTTTTTTTTTTTTTTTTTTTT
TTTTTTTTTTTTTTTTTTTTTTTTTTTTTTTTTTTTTTTTTTTTTTTTTT
